Component: Arm Compiler for Embedded 6.19 Tool: armlink [5e73cb00]

==============================================================================

Section Cross References

    system_xl32f0xx.o(.text.SystemCoreClockUpdate) refers to uidiv_div0.o(.text) for __aeabi_uidiv
    system_xl32f0xx.o(.text.SystemCoreClockUpdate) refers to system_xl32f0xx.o(.data.SystemCoreClock) for SystemCoreClock
    system_xl32f0xx.o(.text.SystemCoreClockUpdate) refers to system_xl32f0xx.o(.rodata.HSIFreqTable) for HSIFreqTable
    system_xl32f0xx.o(.text.SystemCoreClockUpdate) refers to system_xl32f0xx.o(.rodata.AHBPrescTable) for AHBPrescTable
    system_xl32f0xx.o(.ARM.exidx.text.SystemCoreClockUpdate) refers to system_xl32f0xx.o(.text.SystemCoreClockUpdate) for [Anonymous Symbol]
    system_xl32f0xx.o(.ARM.exidx.text.SystemInit) refers to system_xl32f0xx.o(.text.SystemInit) for [Anonymous Symbol]
    system_xl32f0xx.o(.text.$Sub$$main) refers to main.o(.text.main) for $Super$$main
    system_xl32f0xx.o(.text.$Sub$$main) refers to system_xl32f0xx.o(.ARM.__at_0x20000000) for VECT_SRAM_TAB
    system_xl32f0xx.o(.ARM.exidx.text.$Sub$$main) refers to system_xl32f0xx.o(.text.$Sub$$main) for [Anonymous Symbol]
    startup_xl32f003x6.o(RESET) refers to startup_xl32f003x6.o(STACK) for __initial_sp
    startup_xl32f003x6.o(RESET) refers to startup_xl32f003x6.o(.text) for Reset_Handler
    startup_xl32f003x6.o(RESET) refers to xl32f0xx_it.o(.text.NMI_Handler) for NMI_Handler
    startup_xl32f003x6.o(RESET) refers to xl32f0xx_it.o(.text.HardFault_Handler) for HardFault_Handler
    startup_xl32f003x6.o(RESET) refers to xl32f0xx_it.o(.text.SVC_Handler) for SVC_Handler
    startup_xl32f003x6.o(RESET) refers to xl32f0xx_it.o(.text.PendSV_Handler) for PendSV_Handler
    startup_xl32f003x6.o(RESET) refers to xl32f0xx_it.o(.text.SysTick_Handler) for SysTick_Handler
    startup_xl32f003x6.o(RESET) refers to bsp_driver.o(.text.ADC_COMP_IRQHandler) for ADC_COMP_IRQHandler
    startup_xl32f003x6.o(RESET) refers to bsp_driver.o(.text.TIM3_IRQHandler) for TIM3_IRQHandler
    startup_xl32f003x6.o(.text) refers to system_xl32f0xx.o(.text.SystemInit) for SystemInit
    startup_xl32f003x6.o(.text) refers to entry.o(.ARM.Collect$$$$00000000) for __main
    main.o(.text.main) refers to main.o(.text.SystemClock_Config) for SystemClock_Config
    main.o(.text.main) refers to xl32f0xx_ll_utils.o(.text.LL_mDelay) for LL_mDelay
    main.o(.text.main) refers to bsp_driver.o(.text.IWDG_Config) for IWDG_Config
    main.o(.text.main) refers to bsp_driver.o(.text.gpio_init) for gpio_init
    main.o(.text.main) refers to bsp_driver.o(.text.ADC_init) for ADC_init
    main.o(.text.main) refers to bsp_driver.o(.text.timer1_init) for timer1_init
    main.o(.text.main) refers to segment_driver.o(.text.inputNumber) for inputNumber
    main.o(.text.main) refers to bsp_driver.o(.text.setLightOff) for setLightOff
    main.o(.text.main) refers to main.o(.text.LL_GPIO_IsInputPinSet) for LL_GPIO_IsInputPinSet
    main.o(.text.main) refers to bsp_driver.o(.text.setPA14_PA15_Mode) for setPA14_PA15_Mode
    main.o(.text.main) refers to main.o(.text.LL_IWDG_ReloadCounter) for LL_IWDG_ReloadCounter
    main.o(.text.main) refers to app.o(.text.System_Run) for System_Run
    main.o(.text.main) refers to app.o(.bss.key1_count) for key1_count
    main.o(.text.main) refers to app.o(.bss.devEnable) for devEnable
    main.o(.ARM.exidx.text.main) refers to main.o(.text.main) for [Anonymous Symbol]
    main.o(.text.SystemClock_Config) refers to main.o(.text.LL_RCC_HSI_Enable) for LL_RCC_HSI_Enable
    main.o(.text.SystemClock_Config) refers to main.o(.text.LL_RCC_HSI_SetCalibFreq) for LL_RCC_HSI_SetCalibFreq
    main.o(.text.SystemClock_Config) refers to main.o(.text.LL_RCC_HSI_IsReady) for LL_RCC_HSI_IsReady
    main.o(.text.SystemClock_Config) refers to main.o(.text.LL_RCC_SetAHBPrescaler) for LL_RCC_SetAHBPrescaler
    main.o(.text.SystemClock_Config) refers to main.o(.text.LL_RCC_SetSysClkSource) for LL_RCC_SetSysClkSource
    main.o(.text.SystemClock_Config) refers to main.o(.text.LL_RCC_GetSysClkSource) for LL_RCC_GetSysClkSource
    main.o(.text.SystemClock_Config) refers to main.o(.text.LL_RCC_SetAPB1Prescaler) for LL_RCC_SetAPB1Prescaler
    main.o(.text.SystemClock_Config) refers to xl32f0xx_ll_utils.o(.text.LL_Init1msTick) for LL_Init1msTick
    main.o(.text.SystemClock_Config) refers to xl32f0xx_ll_utils.o(.text.LL_SetSystemCoreClock) for LL_SetSystemCoreClock
    main.o(.ARM.exidx.text.SystemClock_Config) refers to main.o(.text.SystemClock_Config) for [Anonymous Symbol]
    main.o(.ARM.exidx.text.LL_GPIO_IsInputPinSet) refers to main.o(.text.LL_GPIO_IsInputPinSet) for [Anonymous Symbol]
    main.o(.ARM.exidx.text.LL_IWDG_ReloadCounter) refers to main.o(.text.LL_IWDG_ReloadCounter) for [Anonymous Symbol]
    main.o(.text.millis) refers to bsp_driver.o(.bss.sys_ms) for sys_ms
    main.o(.ARM.exidx.text.millis) refers to main.o(.text.millis) for [Anonymous Symbol]
[...]
    Removing xl32f0xx_ll_usart.o(.text.LL_USART_SetHWFlowCtrl), (28 bytes).
    Removing xl32f0xx_ll_usart.o(.ARM.exidx.text.LL_USART_SetHWFlowCtrl), (8 bytes).
    Removing xl32f0xx_ll_usart.o(.text.LL_USART_SetBaudRate), (178 bytes).
    Removing xl32f0xx_ll_usart.o(.ARM.exidx.text.LL_USART_SetBaudRate), (8 bytes).
    Removing xl32f0xx_ll_usart.o(.text.LL_USART_StructInit), (44 bytes).
    Removing xl32f0xx_ll_usart.o(.ARM.exidx.text.LL_USART_StructInit), (8 bytes).
    Removing xl32f0xx_ll_usart.o(.text.LL_USART_ClockInit), (98 bytes).
    Removing xl32f0xx_ll_usart.o(.ARM.exidx.text.LL_USART_ClockInit), (8 bytes).
    Removing xl32f0xx_ll_usart.o(.text.LL_USART_DisableSCLKOutput), (20 bytes).
    Removing xl32f0xx_ll_usart.o(.ARM.exidx.text.LL_USART_DisableSCLKOutput), (8 bytes).
    Removing xl32f0xx_ll_usart.o(.text.LL_USART_ClockStructInit), (26 bytes).
    Removing xl32f0xx_ll_usart.o(.ARM.exidx.text.LL_USART_ClockStructInit), (8 bytes).
    Removing xl32f0xx_ll_utils.o(.text), (0 bytes).
    Removing xl32f0xx_ll_utils.o(.ARM.exidx.text.LL_Init1msTick), (8 bytes).
    Removing xl32f0xx_ll_utils.o(.ARM.exidx.text.LL_InitTick), (8 bytes).
    Removing xl32f0xx_ll_utils.o(.ARM.exidx.text.LL_mDelay), (8 bytes).
    Removing xl32f0xx_ll_utils.o(.ARM.exidx.text.LL_SetSystemCoreClock), (8 bytes).
    Removing xl32f0xx_ll_utils.o(.text.LL_SetFlashLatency), (160 bytes).
    Removing xl32f0xx_ll_utils.o(.ARM.exidx.text.LL_SetFlashLatency), (8 bytes).
    Removing xl32f0xx_ll_utils.o(.text.LL_FLASH_SetLatency), (28 bytes).
    Removing xl32f0xx_ll_utils.o(.ARM.exidx.text.LL_FLASH_SetLatency), (8 bytes).
    Removing xl32f0xx_ll_utils.o(.text.LL_FLASH_GetLatency), (16 bytes).
    Removing xl32f0xx_ll_utils.o(.ARM.exidx.text.LL_FLASH_GetLatency), (8 bytes).
    Removing app.o(.text), (0 bytes).
    Removing app.o(.ARM.exidx.text.System_Run), (8 bytes).
    Removing app.o(.ARM.exidx.text.Task_100ms_process), (8 bytes).
    Removing app.o(.ARM.exidx.text.LL_GPIO_SetOutputPin), (8 bytes).
    Removing app.o(.ARM.exidx.text.LL_IWDG_ReloadCounter), (8 bytes).
    Removing app.o(.ARM.exidx.text.Bat_process), (8 bytes).
    Removing app.o(.ARM.exidx.text.LL_GPIO_IsInputPinSet), (8 bytes).
    Removing app.o(.ARM.exidx.text.enableKey_process), (8 bytes).
    Removing app.o(.ARM.exidx.text.LL_GPIO_ResetOutputPin), (8 bytes).
    Removing app.o(.ARM.exidx.text.modeKey_process), (8 bytes).
    Removing app.o(.ARM.exidx.text.upDownkey_process), (8 bytes).
    Removing app.o(.bss.timeoutCount), (4 bytes).
    Removing segment_driver.o(.text), (0 bytes).
    Removing segment_driver.o(.ARM.exidx.text.setGPIOState), (8 bytes).
    Removing segment_driver.o(.ARM.exidx.text.LL_GPIO_SetOutputPin), (8 bytes).
    Removing segment_driver.o(.ARM.exidx.text.LL_GPIO_ResetOutputPin), (8 bytes).
    Removing segment_driver.o(.ARM.exidx.text.setSegmentOff), (8 bytes).
    Removing segment_driver.o(.ARM.exidx.text.LL_GPIO_SetPinMode), (8 bytes).
    Removing segment_driver.o(.ARM.exidx.text.setSegmentOn), (8 bytes).
    Removing segment_driver.o(.ARM.exidx.text.controlSegment), (8 bytes).
    Removing segment_driver.o(.ARM.exidx.text.inputNumber), (8 bytes).
    Removing segment_driver.o(.ARM.exidx.text.setMode), (8 bytes).
    Removing segment_driver.o(.ARM.exidx.text.setBatteryLevel), (8 bytes).
    Removing segment_driver.o(.ARM.exidx.text.closeSegment), (8 bytes).

394 unused section(s) (total 8727 bytes) removed from the image.

==============================================================================

Image Symbol Table

    Local Symbols

    Symbol Name                              Value     Ov Type        Size  Object(Section)

    ../Drivers/CMSIS/Device/XL32F0xx/Source/arm/startup_xl32f003x6.s 0x00000000   Number         0  startup_xl32f003x6.o ABSOLUTE
    ../clib/../cmprslib/zerorunl2.c          0x00000000   Number         0  __dczerorl2.o ABSOLUTE
    ../clib/division.s                       0x00000000   Number         0  aeabi_sdiv.o ABSOLUTE
    ../clib/division.s                       0x00000000   Number         0  aeabi_sdiv_div0.o ABSOLUTE
    ../clib/microlib/division.c              0x00000000   Number         0  uidiv.o ABSOLUTE
    ../clib/microlib/division.c              0x00000000   Number         0  idiv.o ABSOLUTE
    ../clib/microlib/division.c              0x00000000   Number         0  uidiv_div0.o ABSOLUTE
    ../clib/microlib/division.c              0x00000000   Number         0  idiv_div0.o ABSOLUTE
    ../clib/microlib/division.c              0x00000000   Number         0  idiv0.o ABSOLUTE
    ../clib/microlib/init/entry.s            0x00000000   Number         0  entry.o ABSOLUTE
    ../clib/microlib/init/entry.s            0x00000000   Number         0  entry2.o ABSOLUTE
    ../clib/microlib/init/entry.s            0x00000000   Number         0  entry5.o ABSOLUTE
    ../clib/microlib/init/entry.s            0x00000000   Number         0  entry7a.o ABSOLUTE
    ../clib/microlib/init/entry.s            0x00000000   Number         0  entry7b.o ABSOLUTE
    ../clib/microlib/init/entry.s            0x00000000   Number         0  entry8a.o ABSOLUTE
    ../clib/microlib/init/entry.s            0x00000000   Number         0  entry8b.o ABSOLUTE
    ../clib/microlib/init/entry.s            0x00000000   Number         0  entry9a.o ABSOLUTE
    ../clib/microlib/init/entry.s            0x00000000   Number         0  entry9b.o ABSOLUTE
    ../clib/microlib/init/entry.s            0x00000000   Number         0  entry10a.o ABSOLUTE
    ../clib/microlib/init/entry.s            0x00000000   Number         0  entry10b.o ABSOLUTE
    ../clib/microlib/init/entry.s            0x00000000   Number         0  entry11a.o ABSOLUTE
    ../clib/microlib/init/entry.s            0x00000000   Number         0  entry11b.o ABSOLUTE
    ../clib/microlib/stubs.s                 0x00000000   Number         0  iusefp.o ABSOLUTE
    ../fplib/microlib/fpadd.c                0x00000000   Number         0  fadd.o ABSOLUTE
    ../fplib/microlib/fpdiv.c                0x00000000   Number         0  fdiv.o ABSOLUTE
    ../fplib/microlib/fpepilogue.c           0x00000000   Number         0  fepilogue.o ABSOLUTE
    ../fplib/microlib/fpfix.c                0x00000000   Number         0  ffixi.o ABSOLUTE
    ../fplib/microlib/fpflt.c                0x00000000   Number         0  fflti.o ABSOLUTE
    ../fplib/microlib/fpflt.c                0x00000000   Number         0  ffltui.o ABSOLUTE
    ../fplib/microlib/fpmul.c                0x00000000   Number         0  fmul.o ABSOLUTE
    app.c                                    0x00000000   Number         0  app.o ABSOLUTE
    bsp_driver.c                             0x00000000   Number         0  bsp_driver.o ABSOLUTE
    dc.s                                     0x00000000   Number         0  dc.o ABSOLUTE
    handlers.s                               0x00000000   Number         0  handlers.o ABSOLUTE
    init.s                                   0x00000000   Number         0  init.o ABSOLUTE
    main.c                                   0x00000000   Number         0  main.o ABSOLUTE
    segment_driver.c                         0x00000000   Number         0  segment_driver.o ABSOLUTE
    system_xl32f0xx.c                        0x00000000   Number         0  system_xl32f0xx.o ABSOLUTE
    xl32f003xx_ll_Start_Kit.c                0x00000000   Number         0  xl32f003xx_ll_start_kit.o ABSOLUTE
    xl32f0xx_it.c                            0x00000000   Number         0  xl32f0xx_it.o ABSOLUTE
    xl32f0xx_ll_exti.c                       0x00000000   Number         0  xl32f0xx_ll_exti.o ABSOLUTE
    xl32f0xx_ll_gpio.c                       0x00000000   Number         0  xl32f0xx_ll_gpio.o ABSOLUTE
    xl32f0xx_ll_rcc.c                        0x00000000   Number         0  xl32f0xx_ll_rcc.o ABSOLUTE
    xl32f0xx_ll_tim.c                        0x00000000   Number         0  xl32f0xx_ll_tim.o ABSOLUTE
    xl32f0xx_ll_usart.c                      0x00000000   Number         0  xl32f0xx_ll_usart.o ABSOLUTE
    xl32f0xx_ll_utils.c                      0x00000000   Number         0  xl32f0xx_ll_utils.o ABSOLUTE
    RESET                                    0x08000000   Section      192  startup_xl32f003x6.o(RESET)
    .ARM.Collect$$$$00000000                 0x080000c0   Section        0  entry.o(.ARM.Collect$$$$00000000)
    .ARM.Collect$$$$00000001                 0x080000c0   Section        4  entry2.o(.ARM.Collect$$$$00000001)
    .ARM.Collect$$$$00000004                 0x080000c4   Section        4  entry5.o(.ARM.Collect$$$$00000004)
    .ARM.Collect$$$$00000008                 0x080000c8   Section        0  entry7b.o(.ARM.Collect$$$$00000008)
    .ARM.Collect$$$$0000000A                 0x080000c8   Section        0  entry8b.o(.ARM.Collect$$$$0000000A)
    .ARM.Collect$$$$0000000B                 0x080000c8   Section        8  entry9a.o(.ARM.Collect$$$$0000000B)
    __lit__00000000                          0x080000d0   Data           4  entry2.o(.ARM.Collect$$$$00002712)
    .ARM.Collect$$$$0000000D                 0x080000d0   Section        0  entry10a.o(.ARM.Collect$$$$0000000D)
    .ARM.Collect$$$$0000000F                 0x080000d0   Section        0  entry11a.o(.ARM.Collect$$$$0000000F)
    .ARM.Collect$$$$00002712                 0x080000d0   Section        4  entry2.o(.ARM.Collect$$$$00002712)
    .text                                    0x080000d4   Section       28  startup_xl32f003x6.o(.text)
    .text                                    0x080000f0   Section        0  fadd.o(.text)
    .text                                    0x080001a2   Section        0  fmul.o(.text)
    .text                                    0x0800021c   Section        0  fdiv.o(.text)
    .text                                    0x08000298   Section        0  fflti.o(.text)
    .text                                    0x080002ae   Section        0  ffltui.o(.text)
    .text                                    0x080002bc   Section        0  ffixi.o(.text)
    .text                                    0x080002ee   Section        0  uidiv_div0.o(.text)
    .text                                    0x0800032c   Section        0  idiv_div0.o(.text)
    .text                                    0x0800037c   Section        0  iusefp.o(.text)
    .text                                    0x0800037c   Section        0  fepilogue.o(.text)
    .text                                    0x08000400   Section       36  init.o(.text)
    .text                                    0x08000424   Section        0  __dczerorl2.o(.text)
    [Anonymous Symbol]                       0x0800047c   Section        0  system_xl32f0xx.o(.text.$Sub$$main)
    __arm_cp.2_0                             0x080004c4   Number         4  system_xl32f0xx.o(.text.$Sub$$main)
    __arm_cp.2_1                             0x080004c8   Number         4  system_xl32f0xx.o(.text.$Sub$$main)
    [Anonymous Symbol]                       0x080004cc   Section        0  bsp_driver.o(.text.ADC_COMP_IRQHandler)
    [Anonymous Symbol]                       0x080004e8   Section        0  bsp_driver.o(.text.ADC_init)
    __arm_cp.27_1                            0x080005a4   Number         4  bsp_driver.o(.text.ADC_init)
    [Anonymous Symbol]                       0x080005a8   Section        0  bsp_driver.o(.text.ADC_start)
    [Anonymous Symbol]                       0x080005fc   Section        0  bsp_driver.o(.text.APP_AdcGrpRegularUnitaryConvCompleteCallback)
    __arm_cp.47_0                            0x0800060c   Number         4  bsp_driver.o(.text.APP_AdcGrpRegularUnitaryConvCompleteCallback)
    Bat_process                              0x08000611   Thumb Code   352  app.o(.text.Bat_process)
    [Anonymous Symbol]                       0x08000610   Section        0  app.o(.text.Bat_process)
    __arm_cp.4_0                             0x08000770   Number         4  app.o(.text.Bat_process)
    __arm_cp.4_1                             0x08000774   Number         4  app.o(.text.Bat_process)
    __arm_cp.4_2                             0x08000778   Number         4  app.o(.text.Bat_process)
    __arm_cp.4_3                             0x0800077c   Number         4  app.o(.text.Bat_process)
    __arm_cp.4_4                             0x08000780   Number         4  app.o(.text.Bat_process)
    __arm_cp.4_5                             0x08000784   Number         4  app.o(.text.Bat_process)
    __arm_cp.4_6                             0x08000788   Number         4  app.o(.text.Bat_process)
    __arm_cp.4_7                             0x0800078c   Number         4  app.o(.text.Bat_process)
    __arm_cp.4_8                             0x08000790   Number         4  app.o(.text.Bat_process)
    __arm_cp.4_9                             0x08000794   Number         4  app.o(.text.Bat_process)
    __arm_cp.4_10                            0x08000798   Number         4  app.o(.text.Bat_process)
    __arm_cp.4_11                            0x0800079c   Number         4  app.o(.text.Bat_process)
    __arm_cp.4_12                            0x080007a0   Number         4  app.o(.text.Bat_process)
    __arm_cp.4_13                            0x080007a4   Number         4  app.o(.text.Bat_process)
    __arm_cp.4_14                            0x080007a8   Number         4  app.o(.text.Bat_process)
    [Anonymous Symbol]                       0x080007ac   Section        0  xl32f0xx_it.o(.text.HardFault_Handler)
    [Anonymous Symbol]                       0x080007b0   Section        0  bsp_driver.o(.text.IWDG_Config)
    __arm_cp.18_0                            0x08000800   Number         4  bsp_driver.o(.text.IWDG_Config)
    __arm_cp.18_1                            0x08000804   Number         4  bsp_driver.o(.text.IWDG_Config)
    LL_ADC_ClearFlag_EOC                     0x08000809   Thumb Code    14  bsp_driver.o(.text.LL_ADC_ClearFlag_EOC)
    [Anonymous Symbol]                       0x08000808   Section        0  bsp_driver.o(.text.LL_ADC_ClearFlag_EOC)
    LL_ADC_Enable                            0x08000819   Thumb Code    24  bsp_driver.o(.text.LL_ADC_Enable)
    [Anonymous Symbol]                       0x08000818   Section        0  bsp_driver.o(.text.LL_ADC_Enable)
    LL_ADC_EnableIT_EOC                      0x08000831   Thumb Code    18  bsp_driver.o(.text.LL_ADC_EnableIT_EOC)
    [Anonymous Symbol]                       0x08000830   Section        0  bsp_driver.o(.text.LL_ADC_EnableIT_EOC)
    LL_ADC_IsActiveFlag_EOC                  0x08000843   Thumb Code    18  bsp_driver.o(.text.LL_ADC_IsActiveFlag_EOC)
    [Anonymous Symbol]                       0x08000842   Section        0  bsp_driver.o(.text.LL_ADC_IsActiveFlag_EOC)
    LL_ADC_IsCalibrationOnGoing              0x08000855   Thumb Code    20  bsp_driver.o(.text.LL_ADC_IsCalibrationOnGoing)
    [Anonymous Symbol]                       0x08000854   Section        0  bsp_driver.o(.text.LL_ADC_IsCalibrationOnGoing)
    LL_ADC_IsEnabled                         0x08000869   Thumb Code    16  bsp_driver.o(.text.LL_ADC_IsEnabled)
    [Anonymous Symbol]                       0x08000868   Section        0  bsp_driver.o(.text.LL_ADC_IsEnabled)
    LL_ADC_REG_ReadConversionData12          0x08000879   Thumb Code    14  bsp_driver.o(.text.LL_ADC_REG_ReadConversionData12)
    [Anonymous Symbol]                       0x08000878   Section        0  bsp_driver.o(.text.LL_ADC_REG_ReadConversionData12)
    LL_ADC_REG_SetContinuousMode             0x08000887   Thumb Code    28  bsp_driver.o(.text.LL_ADC_REG_SetContinuousMode)
    [Anonymous Symbol]                       0x08000886   Section        0  bsp_driver.o(.text.LL_ADC_REG_SetContinuousMode)
    LL_ADC_REG_SetDMATransfer                0x080008a3   Thumb Code    26  bsp_driver.o(.text.LL_ADC_REG_SetDMATransfer)
    [Anonymous Symbol]                       0x080008a2   Section        0  bsp_driver.o(.text.LL_ADC_REG_SetDMATransfer)
    LL_ADC_REG_SetOverrun                    0x080008bd   Thumb Code    28  bsp_driver.o(.text.LL_ADC_REG_SetOverrun)
    [Anonymous Symbol]                       0x080008bc   Section        0  bsp_driver.o(.text.LL_ADC_REG_SetOverrun)
    LL_ADC_REG_SetSequencerChannels          0x080008d9   Thumb Code    20  bsp_driver.o(.text.LL_ADC_REG_SetSequencerChannels)
    [Anonymous Symbol]                       0x080008d8   Section        0  bsp_driver.o(.text.LL_ADC_REG_SetSequencerChannels)
    __arm_cp.40_0                            0x080008ec   Number         4  bsp_driver.o(.text.LL_ADC_REG_SetSequencerChannels)
    LL_ADC_REG_SetSequencerDiscont           0x080008f1   Thumb Code    28  bsp_driver.o(.text.LL_ADC_REG_SetSequencerDiscont)
    [Anonymous Symbol]                       0x080008f0   Section        0  bsp_driver.o(.text.LL_ADC_REG_SetSequencerDiscont)
    LL_ADC_REG_SetTriggerSource              0x0800090d   Thumb Code    28  bsp_driver.o(.text.LL_ADC_REG_SetTriggerSource)
    [Anonymous Symbol]                       0x0800090c   Section        0  bsp_driver.o(.text.LL_ADC_REG_SetTriggerSource)
    LL_ADC_REG_StartConversion               0x08000929   Thumb Code    24  bsp_driver.o(.text.LL_ADC_REG_StartConversion)
    [Anonymous Symbol]                       0x08000928   Section        0  bsp_driver.o(.text.LL_ADC_REG_StartConversion)
    __arm_cp.46_0                            0x08000940   Number         4  bsp_driver.o(.text.LL_ADC_REG_StartConversion)
    LL_ADC_Reset                             0x08000945   Thumb Code    26  bsp_driver.o(.text.LL_ADC_Reset)
    [Anonymous Symbol]                       0x08000944   Section        0  bsp_driver.o(.text.LL_ADC_Reset)
    LL_ADC_SetClock                          0x0800095f   Thumb Code    28  bsp_driver.o(.text.LL_ADC_SetClock)
    [Anonymous Symbol]                       0x0800095e   Section        0  bsp_driver.o(.text.LL_ADC_SetClock)
    LL_ADC_SetCommonPathInternalCh           0x0800097b   Thumb Code    28  bsp_driver.o(.text.LL_ADC_SetCommonPathInternalCh)
    [Anonymous Symbol]                       0x0800097a   Section        0  bsp_driver.o(.text.LL_ADC_SetCommonPathInternalCh)
    LL_ADC_SetLowPowerMode                   0x08000997   Thumb Code    28  bsp_driver.o(.text.LL_ADC_SetLowPowerMode)
    [Anonymous Symbol]                       0x08000996   Section        0  bsp_driver.o(.text.LL_ADC_SetLowPowerMode)
    LL_ADC_SetResolution                     0x080009b3   Thumb Code    26  bsp_driver.o(.text.LL_ADC_SetResolution)
    [Anonymous Symbol]                       0x080009b2   Section        0  bsp_driver.o(.text.LL_ADC_SetResolution)
    LL_ADC_SetSamplingTimeCommonChannels     0x080009cd   Thumb Code    26  bsp_driver.o(.text.LL_ADC_SetSamplingTimeCommonChannels)
    [Anonymous Symbol]                       0x080009cc   Section        0  bsp_driver.o(.text.LL_ADC_SetSamplingTimeCommonChannels)
    LL_ADC_StartCalibration                  0x080009e7   Thumb Code    26  bsp_driver.o(.text.LL_ADC_StartCalibration)
    [Anonymous Symbol]                       0x080009e6   Section        0  bsp_driver.o(.text.LL_ADC_StartCalibration)
    LL_APB1_GRP1_EnableClock                 0x08000a01   Thumb Code    28  bsp_driver.o(.text.LL_APB1_GRP1_EnableClock)
    [Anonymous Symbol]                       0x08000a00   Section        0  bsp_driver.o(.text.LL_APB1_GRP1_EnableClock)
    __arm_cp.11_0                            0x08000a1c   Number         4  bsp_driver.o(.text.LL_APB1_GRP1_EnableClock)
    LL_APB1_GRP2_EnableClock                 0x08000a21   Thumb Code    28  bsp_driver.o(.text.LL_APB1_GRP2_EnableClock)
    [Anonymous Symbol]                       0x08000a20   Section        0  bsp_driver.o(.text.LL_APB1_GRP2_EnableClock)
    __arm_cp.10_0                            0x08000a3c   Number         4  bsp_driver.o(.text.LL_APB1_GRP2_EnableClock)
    LL_APB1_GRP2_ForceReset                  0x08000a41   Thumb Code    20  bsp_driver.o(.text.LL_APB1_GRP2_ForceReset)
    [Anonymous Symbol]                       0x08000a40   Section        0  bsp_driver.o(.text.LL_APB1_GRP2_ForceReset)
    LL_APB1_GRP2_ReleaseReset                0x08000a55   Thumb Code    20  bsp_driver.o(.text.LL_APB1_GRP2_ReleaseReset)
    [Anonymous Symbol]                       0x08000a54   Section        0  bsp_driver.o(.text.LL_APB1_GRP2_ReleaseReset)
    __arm_cp.59_0                            0x08000a68   Number         4  bsp_driver.o(.text.LL_APB1_GRP2_ReleaseReset)
    [Anonymous Symbol]                       0x08000a6c   Section        0  xl32f0xx_ll_gpio.o(.text.LL_GPIO_Init)
    LL_GPIO_IsInputPinSet                    0x08000b3b   Thumb Code    24  main.o(.text.LL_GPIO_IsInputPinSet)
    [Anonymous Symbol]                       0x08000b3a   Section        0  main.o(.text.LL_GPIO_IsInputPinSet)
    LL_GPIO_IsInputPinSet                    0x08000b53   Thumb Code    24  app.o(.text.LL_GPIO_IsInputPinSet)
    [Anonymous Symbol]                       0x08000b52   Section        0  app.o(.text.LL_GPIO_IsInputPinSet)
    LL_GPIO_ResetOutputPin                   0x08000b6b   Thumb Code    16  bsp_driver.o(.text.LL_GPIO_ResetOutputPin)
    [Anonymous Symbol]                       0x08000b6a   Section        0  bsp_driver.o(.text.LL_GPIO_ResetOutputPin)
    LL_GPIO_ResetOutputPin                   0x08000b7b   Thumb Code    16  app.o(.text.LL_GPIO_ResetOutputPin)
    [Anonymous Symbol]                       0x08000b7a   Section        0  app.o(.text.LL_GPIO_ResetOutputPin)
    LL_GPIO_ResetOutputPin                   0x08000b8b   Thumb Code    16  segment_driver.o(.text.LL_GPIO_ResetOutputPin)
    [Anonymous Symbol]                       0x08000b8a   Section        0  segment_driver.o(.text.LL_GPIO_ResetOutputPin)
    LL_GPIO_SetAFPin_0_7                     0x08000b9b   Thumb Code    38  xl32f0xx_ll_gpio.o(.text.LL_GPIO_SetAFPin_0_7)
    [Anonymous Symbol]                       0x08000b9a   Section        0  xl32f0xx_ll_gpio.o(.text.LL_GPIO_SetAFPin_0_7)
    LL_GPIO_SetAFPin_8_15                    0x08000bc1   Thumb Code    40  bsp_driver.o(.text.LL_GPIO_SetAFPin_8_15)
    [Anonymous Symbol]                       0x08000bc0   Section        0  bsp_driver.o(.text.LL_GPIO_SetAFPin_8_15)
    LL_GPIO_SetAFPin_8_15                    0x08000be9   Thumb Code    40  xl32f0xx_ll_gpio.o(.text.LL_GPIO_SetAFPin_8_15)
    [Anonymous Symbol]                       0x08000be8   Section        0  xl32f0xx_ll_gpio.o(.text.LL_GPIO_SetAFPin_8_15)
    LL_GPIO_SetOutputPin                     0x08000c11   Thumb Code    16  app.o(.text.LL_GPIO_SetOutputPin)
    [Anonymous Symbol]                       0x08000c10   Section        0  app.o(.text.LL_GPIO_SetOutputPin)
    LL_GPIO_SetOutputPin                     0x08000c21   Thumb Code    16  segment_driver.o(.text.LL_GPIO_SetOutputPin)
    [Anonymous Symbol]                       0x08000c20   Section        0  segment_driver.o(.text.LL_GPIO_SetOutputPin)
    LL_GPIO_SetPinMode                       0x08000c31   Thumb Code    36  bsp_driver.o(.text.LL_GPIO_SetPinMode)
    [Anonymous Symbol]                       0x08000c30   Section        0  bsp_driver.o(.text.LL_GPIO_SetPinMode)
    LL_GPIO_SetPinMode                       0x08000c55   Thumb Code    36  xl32f0xx_ll_gpio.o(.text.LL_GPIO_SetPinMode)
    [Anonymous Symbol]                       0x08000c54   Section        0  xl32f0xx_ll_gpio.o(.text.LL_GPIO_SetPinMode)
    LL_GPIO_SetPinMode                       0x08000c79   Thumb Code    36  segment_driver.o(.text.LL_GPIO_SetPinMode)
    [Anonymous Symbol]                       0x08000c78   Section        0  segment_driver.o(.text.LL_GPIO_SetPinMode)
    LL_GPIO_SetPinOutputType                 0x08000c9d   Thumb Code    30  bsp_driver.o(.text.LL_GPIO_SetPinOutputType)
    [Anonymous Symbol]                       0x08000c9c   Section        0  bsp_driver.o(.text.LL_GPIO_SetPinOutputType)
    LL_GPIO_SetPinOutputType                 0x08000cbb   Thumb Code    30  xl32f0xx_ll_gpio.o(.text.LL_GPIO_SetPinOutputType)
    [Anonymous Symbol]                       0x08000cba   Section        0  xl32f0xx_ll_gpio.o(.text.LL_GPIO_SetPinOutputType)
    LL_GPIO_SetPinPull                       0x08000cd9   Thumb Code    36  bsp_driver.o(.text.LL_GPIO_SetPinPull)
    [Anonymous Symbol]                       0x08000cd8   Section        0  bsp_driver.o(.text.LL_GPIO_SetPinPull)
    LL_GPIO_SetPinPull                       0x08000cfd   Thumb Code    36  xl32f0xx_ll_gpio.o(.text.LL_GPIO_SetPinPull)
    [Anonymous Symbol]                       0x08000cfc   Section        0  xl32f0xx_ll_gpio.o(.text.LL_GPIO_SetPinPull)
    LL_GPIO_SetPinSpeed                      0x08000d21   Thumb Code    36  bsp_driver.o(.text.LL_GPIO_SetPinSpeed)
    [Anonymous Symbol]                       0x08000d20   Section        0  bsp_driver.o(.text.LL_GPIO_SetPinSpeed)
    LL_GPIO_SetPinSpeed                      0x08000d45   Thumb Code    36  xl32f0xx_ll_gpio.o(.text.LL_GPIO_SetPinSpeed)
    [Anonymous Symbol]                       0x08000d44   Section        0  xl32f0xx_ll_gpio.o(.text.LL_GPIO_SetPinSpeed)
    LL_IOP_GRP1_EnableClock                  0x08000d69   Thumb Code    28  bsp_driver.o(.text.LL_IOP_GRP1_EnableClock)
    [Anonymous Symbol]                       0x08000d68   Section        0  bsp_driver.o(.text.LL_IOP_GRP1_EnableClock)
    __arm_cp.1_0                             0x08000d84   Number         4  bsp_driver.o(.text.LL_IOP_GRP1_EnableClock)
    LL_IWDG_Enable                           0x08000d89   Thumb Code    16  bsp_driver.o(.text.LL_IWDG_Enable)
    [Anonymous Symbol]                       0x08000d88   Section        0  bsp_driver.o(.text.LL_IWDG_Enable)
    __arm_cp.21_0                            0x08000d98   Number         4  bsp_driver.o(.text.LL_IWDG_Enable)
    LL_IWDG_EnableWriteAccess                0x08000d9d   Thumb Code    16  bsp_driver.o(.text.LL_IWDG_EnableWriteAccess)
    [Anonymous Symbol]                       0x08000d9c   Section        0  bsp_driver.o(.text.LL_IWDG_EnableWriteAccess)
    __arm_cp.22_0                            0x08000dac   Number         4  bsp_driver.o(.text.LL_IWDG_EnableWriteAccess)
    LL_IWDG_IsReady                          0x08000db1   Thumb Code    20  bsp_driver.o(.text.LL_IWDG_IsReady)
    [Anonymous Symbol]                       0x08000db0   Section        0  bsp_driver.o(.text.LL_IWDG_IsReady)
    LL_IWDG_ReloadCounter                    0x08000dc5   Thumb Code    16  main.o(.text.LL_IWDG_ReloadCounter)
    [Anonymous Symbol]                       0x08000dc4   Section        0  main.o(.text.LL_IWDG_ReloadCounter)
    LL_IWDG_ReloadCounter                    0x08000dd5   Thumb Code    16  bsp_driver.o(.text.LL_IWDG_ReloadCounter)
    [Anonymous Symbol]                       0x08000dd4   Section        0  bsp_driver.o(.text.LL_IWDG_ReloadCounter)
    LL_IWDG_ReloadCounter                    0x08000de5   Thumb Code    16  app.o(.text.LL_IWDG_ReloadCounter)
    [Anonymous Symbol]                       0x08000de4   Section        0  app.o(.text.LL_IWDG_ReloadCounter)
    __arm_cp.3_0                             0x08000df4   Number         4  app.o(.text.LL_IWDG_ReloadCounter)
    LL_IWDG_SetPrescaler                     0x08000df9   Thumb Code    20  bsp_driver.o(.text.LL_IWDG_SetPrescaler)
    [Anonymous Symbol]                       0x08000df8   Section        0  bsp_driver.o(.text.LL_IWDG_SetPrescaler)
    LL_IWDG_SetReloadCounter                 0x08000e0d   Thumb Code    20  bsp_driver.o(.text.LL_IWDG_SetReloadCounter)
    [Anonymous Symbol]                       0x08000e0c   Section        0  bsp_driver.o(.text.LL_IWDG_SetReloadCounter)
    __arm_cp.24_0                            0x08000e20   Number         4  bsp_driver.o(.text.LL_IWDG_SetReloadCounter)
    [Anonymous Symbol]                       0x08000e24   Section        0  xl32f0xx_ll_utils.o(.text.LL_Init1msTick)
    LL_InitTick                              0x08000e39   Thumb Code    40  xl32f0xx_ll_utils.o(.text.LL_InitTick)
    [Anonymous Symbol]                       0x08000e38   Section        0  xl32f0xx_ll_utils.o(.text.LL_InitTick)
    __arm_cp.1_0                             0x08000e60   Number         4  xl32f0xx_ll_utils.o(.text.LL_InitTick)
    __arm_cp.1_1                             0x08000e64   Number         4  xl32f0xx_ll_utils.o(.text.LL_InitTick)
    LL_RCC_GetSysClkSource                   0x08000e69   Thumb Code    12  main.o(.text.LL_RCC_GetSysClkSource)
    [Anonymous Symbol]                       0x08000e68   Section        0  main.o(.text.LL_RCC_GetSysClkSource)
    LL_RCC_HSI_Enable                        0x08000e75   Thumb Code    16  main.o(.text.LL_RCC_HSI_Enable)
    [Anonymous Symbol]                       0x08000e74   Section        0  main.o(.text.LL_RCC_HSI_Enable)
    LL_RCC_HSI_IsReady                       0x08000e85   Thumb Code    16  main.o(.text.LL_RCC_HSI_IsReady)
    [Anonymous Symbol]                       0x08000e84   Section        0  main.o(.text.LL_RCC_HSI_IsReady)
    __arm_cp.8_0                             0x08000e94   Number         4  main.o(.text.LL_RCC_HSI_IsReady)
    LL_RCC_HSI_SetCalibFreq                  0x08000e99   Thumb Code    24  main.o(.text.LL_RCC_HSI_SetCalibFreq)
    [Anonymous Symbol]                       0x08000e98   Section        0  main.o(.text.LL_RCC_HSI_SetCalibFreq)
    __arm_cp.7_0                             0x08000eb0   Number         4  main.o(.text.LL_RCC_HSI_SetCalibFreq)
    __arm_cp.7_1                             0x08000eb4   Number         4  main.o(.text.LL_RCC_HSI_SetCalibFreq)
    LL_RCC_LSI_Enable                        0x08000eb9   Thumb Code    12  bsp_driver.o(.text.LL_RCC_LSI_Enable)
    [Anonymous Symbol]                       0x08000eb8   Section        0  bsp_driver.o(.text.LL_RCC_LSI_Enable)
    LL_RCC_LSI_IsReady                       0x08000ec5   Thumb Code    12  bsp_driver.o(.text.LL_RCC_LSI_IsReady)
    [Anonymous Symbol]                       0x08000ec4   Section        0  bsp_driver.o(.text.LL_RCC_LSI_IsReady)
    __arm_cp.20_0                            0x08000ed0   Number         4  bsp_driver.o(.text.LL_RCC_LSI_IsReady)
    LL_RCC_SetAHBPrescaler                   0x08000ed5   Thumb Code    24  main.o(.text.LL_RCC_SetAHBPrescaler)
    [Anonymous Symbol]                       0x08000ed4   Section        0  main.o(.text.LL_RCC_SetAHBPrescaler)
    LL_RCC_SetAPB1Prescaler                  0x08000eed   Thumb Code    24  main.o(.text.LL_RCC_SetAPB1Prescaler)
    [Anonymous Symbol]                       0x08000eec   Section        0  main.o(.text.LL_RCC_SetAPB1Prescaler)
    LL_RCC_SetSysClkSource                   0x08000f05   Thumb Code    24  main.o(.text.LL_RCC_SetSysClkSource)
    [Anonymous Symbol]                       0x08000f04   Section        0  main.o(.text.LL_RCC_SetSysClkSource)
    __arm_cp.10_0                            0x08000f1c   Number         4  main.o(.text.LL_RCC_SetSysClkSource)
    [Anonymous Symbol]                       0x08000f20   Section        0  xl32f0xx_ll_utils.o(.text.LL_SetSystemCoreClock)
    __arm_cp.3_0                             0x08000f30   Number         4  xl32f0xx_ll_utils.o(.text.LL_SetSystemCoreClock)
    LL_TIM_ClearFlag_UPDATE                  0x08000f35   Thumb Code    16  bsp_driver.o(.text.LL_TIM_ClearFlag_UPDATE)
    [Anonymous Symbol]                       0x08000f34   Section        0  bsp_driver.o(.text.LL_TIM_ClearFlag_UPDATE)
    LL_TIM_EnableCounter                     0x08000f45   Thumb Code    18  bsp_driver.o(.text.LL_TIM_EnableCounter)
    [Anonymous Symbol]                       0x08000f44   Section        0  bsp_driver.o(.text.LL_TIM_EnableCounter)
    LL_TIM_EnableIT_UPDATE                   0x08000f57   Thumb Code    18  bsp_driver.o(.text.LL_TIM_EnableIT_UPDATE)
    [Anonymous Symbol]                       0x08000f56   Section        0  bsp_driver.o(.text.LL_TIM_EnableIT_UPDATE)
    LL_TIM_GenerateEvent_UPDATE              0x08000f69   Thumb Code    18  xl32f0xx_ll_tim.o(.text.LL_TIM_GenerateEvent_UPDATE)
    [Anonymous Symbol]                       0x08000f68   Section        0  xl32f0xx_ll_tim.o(.text.LL_TIM_GenerateEvent_UPDATE)
    [Anonymous Symbol]                       0x08000f7c   Section        0  xl32f0xx_ll_tim.o(.text.LL_TIM_Init)
    __arm_cp.6_1                             0x08001044   Number         4  xl32f0xx_ll_tim.o(.text.LL_TIM_Init)
    __arm_cp.6_2                             0x08001048   Number         4  xl32f0xx_ll_tim.o(.text.LL_TIM_Init)
    [Anonymous Symbol]                       0x0800104c   Section        0  xl32f0xx_ll_tim.o(.text.LL_TIM_OC_Init)
    LL_TIM_OC_SetCompareCH1                  0x080010c9   Thumb Code    16  xl32f0xx_ll_tim.o(.text.LL_TIM_OC_SetCompareCH1)
    [Anonymous Symbol]                       0x080010c8   Section        0  xl32f0xx_ll_tim.o(.text.LL_TIM_OC_SetCompareCH1)
    LL_TIM_OC_SetCompareCH2                  0x080010d9   Thumb Code    16  xl32f0xx_ll_tim.o(.text.LL_TIM_OC_SetCompareCH2)
    [Anonymous Symbol]                       0x080010d8   Section        0  xl32f0xx_ll_tim.o(.text.LL_TIM_OC_SetCompareCH2)
    LL_TIM_OC_SetCompareCH3                  0x080010e9   Thumb Code    16  xl32f0xx_ll_tim.o(.text.LL_TIM_OC_SetCompareCH3)
    [Anonymous Symbol]                       0x080010e8   Section        0  xl32f0xx_ll_tim.o(.text.LL_TIM_OC_SetCompareCH3)
    LL_TIM_OC_SetCompareCH4                  0x080010f9   Thumb Code    16  xl32f0xx_ll_tim.o(.text.LL_TIM_OC_SetCompareCH4)
    [Anonymous Symbol]                       0x080010f8   Section        0  xl32f0xx_ll_tim.o(.text.LL_TIM_OC_SetCompareCH4)
    [Anonymous Symbol]                       0x08001108   Section        0  xl32f0xx_ll_tim.o(.text.LL_TIM_OC_StructInit)
    LL_TIM_SetAutoReload                     0x08001133   Thumb Code    16  xl32f0xx_ll_tim.o(.text.LL_TIM_SetAutoReload)
    [Anonymous Symbol]                       0x08001132   Section        0  xl32f0xx_ll_tim.o(.text.LL_TIM_SetAutoReload)
    LL_TIM_SetPrescaler                      0x08001143   Thumb Code    16  xl32f0xx_ll_tim.o(.text.LL_TIM_SetPrescaler)
    [Anonymous Symbol]                       0x08001142   Section        0  xl32f0xx_ll_tim.o(.text.LL_TIM_SetPrescaler)
    LL_TIM_SetRepetitionCounter              0x08001153   Thumb Code    16  xl32f0xx_ll_tim.o(.text.LL_TIM_SetRepetitionCounter)
    [Anonymous Symbol]                       0x08001152   Section        0  xl32f0xx_ll_tim.o(.text.LL_TIM_SetRepetitionCounter)
    [Anonymous Symbol]                       0x08001164   Section        0  xl32f0xx_ll_utils.o(.text.LL_mDelay)
    __arm_cp.2_0                             0x080011ac   Number         4  xl32f0xx_ll_utils.o(.text.LL_mDelay)
    [Anonymous Symbol]                       0x080011b0   Section        0  xl32f0xx_it.o(.text.NMI_Handler)
    NVIC_EnableIRQ                           0x080011b5   Thumb Code    28  bsp_driver.o(.text.NVIC_EnableIRQ)
    [Anonymous Symbol]                       0x080011b4   Section        0  bsp_driver.o(.text.NVIC_EnableIRQ)
    __arm_cp.14_0                            0x080011d0   Number         4  bsp_driver.o(.text.NVIC_EnableIRQ)
    NVIC_SetPriority                         0x080011d5   Thumb Code   124  bsp_driver.o(.text.NVIC_SetPriority)
    [Anonymous Symbol]                       0x080011d4   Section        0  bsp_driver.o(.text.NVIC_SetPriority)
    __arm_cp.15_0                            0x08001250   Number         4  bsp_driver.o(.text.NVIC_SetPriority)
    __arm_cp.15_1                            0x08001254   Number         4  bsp_driver.o(.text.NVIC_SetPriority)
    OC1Config                                0x08001259   Thumb Code   216  xl32f0xx_ll_tim.o(.text.OC1Config)
    [Anonymous Symbol]                       0x08001258   Section        0  xl32f0xx_ll_tim.o(.text.OC1Config)
    __arm_cp.13_0                            0x08001330   Number         4  xl32f0xx_ll_tim.o(.text.OC1Config)
    __arm_cp.13_1                            0x08001334   Number         4  xl32f0xx_ll_tim.o(.text.OC1Config)
    __arm_cp.13_2                            0x08001338   Number         4  xl32f0xx_ll_tim.o(.text.OC1Config)
    OC2Config                                0x0800133d   Thumb Code   228  xl32f0xx_ll_tim.o(.text.OC2Config)
    [Anonymous Symbol]                       0x0800133c   Section        0  xl32f0xx_ll_tim.o(.text.OC2Config)
    OC3Config                                0x08001421   Thumb Code   224  xl32f0xx_ll_tim.o(.text.OC3Config)
    [Anonymous Symbol]                       0x08001420   Section        0  xl32f0xx_ll_tim.o(.text.OC3Config)
    __arm_cp.15_0                            0x08001500   Number         4  xl32f0xx_ll_tim.o(.text.OC3Config)
    OC4Config                                0x08001505   Thumb Code   180  xl32f0xx_ll_tim.o(.text.OC4Config)
    [Anonymous Symbol]                       0x08001504   Section        0  xl32f0xx_ll_tim.o(.text.OC4Config)
    __arm_cp.16_0                            0x080015b8   Number         4  xl32f0xx_ll_tim.o(.text.OC4Config)
    __arm_cp.16_1                            0x080015bc   Number         4  xl32f0xx_ll_tim.o(.text.OC4Config)
    __arm_cp.16_2                            0x080015c0   Number         4  xl32f0xx_ll_tim.o(.text.OC4Config)
    __arm_cp.16_3                            0x080015c4   Number         4  xl32f0xx_ll_tim.o(.text.OC4Config)
    [Anonymous Symbol]                       0x080015c8   Section        0  xl32f0xx_it.o(.text.PendSV_Handler)
    [Anonymous Symbol]                       0x080015ca   Section        0  xl32f0xx_it.o(.text.SVC_Handler)
    [Anonymous Symbol]                       0x080015cc   Section        0  xl32f0xx_it.o(.text.SysTick_Handler)
    __arm_cp.4_0                             0x080015dc   Number         4  xl32f0xx_it.o(.text.SysTick_Handler)
    SystemClock_Config                       0x080015e1   Thumb Code   100  main.o(.text.SystemClock_Config)
    [Anonymous Symbol]                       0x080015e0   Section        0  main.o(.text.SystemClock_Config)
    __arm_cp.1_0                             0x08001644   Number         4  main.o(.text.SystemClock_Config)
    __arm_cp.1_1                             0x08001648   Number         4  main.o(.text.SystemClock_Config)
    __arm_cp.1_2                             0x0800164c   Number         4  main.o(.text.SystemClock_Config)
    __arm_cp.1_3                             0x08001650   Number         4  main.o(.text.SystemClock_Config)
    [Anonymous Symbol]                       0x08001654   Section        0  system_xl32f0xx.o(.text.SystemInit)
    __arm_cp.1_0                             0x08001674   Number         4  system_xl32f0xx.o(.text.SystemInit)
    __arm_cp.1_1                             0x08001678   Number         4  system_xl32f0xx.o(.text.SystemInit)
    __arm_cp.1_2                             0x0800167c   Number         4  system_xl32f0xx.o(.text.SystemInit)
    __arm_cp.1_3                             0x08001680   Number         4  system_xl32f0xx.o(.text.SystemInit)
    [Anonymous Symbol]                       0x08001684   Section        0  app.o(.text.System_Run)
    __arm_cp.0_0                             0x08001698   Number         4  app.o(.text.System_Run)
    [Anonymous Symbol]                       0x0800169c   Section        0  bsp_driver.o(.text.TIM3_IRQHandler)
    __arm_cp.16_0                            0x080016ac   Number         4  bsp_driver.o(.text.TIM3_IRQHandler)
    Task_100ms_process                       0x080016b1   Thumb Code   236  app.o(.text.Task_100ms_process)
    [Anonymous Symbol]                       0x080016b0   Section        0  app.o(.text.Task_100ms_process)
    __arm_cp.1_6                             0x0800179c   Number         4  app.o(.text.Task_100ms_process)
    __arm_cp.1_7                             0x080017a0   Number         4  app.o(.text.Task_100ms_process)
    __arm_cp.1_8                             0x080017a4   Number         4  app.o(.text.Task_100ms_process)
    __arm_cp.1_9                             0x080017a8   Number         4  app.o(.text.Task_100ms_process)
    __arm_cp.1_10                            0x080017ac   Number         4  app.o(.text.Task_100ms_process)
    __arm_cp.1_11                            0x080017b0   Number         4  app.o(.text.Task_100ms_process)
    [Anonymous Symbol]                       0x080017b4   Section        0  segment_driver.o(.text.closeSegment)
    [Anonymous Symbol]                       0x080017f8   Section        0  segment_driver.o(.text.controlSegment)
    __arm_cp.6_0                             0x08001874   Number         4  segment_driver.o(.text.controlSegment)
    __arm_cp.6_1                             0x08001878   Number         4  segment_driver.o(.text.controlSegment)
    enableKey_process                        0x0800187d   Thumb Code   160  app.o(.text.enableKey_process)
    [Anonymous Symbol]                       0x0800187c   Section        0  app.o(.text.enableKey_process)
    __arm_cp.6_1                             0x0800191c   Number         4  app.o(.text.enableKey_process)
    __arm_cp.6_2                             0x08001920   Number         4  app.o(.text.enableKey_process)
    __arm_cp.6_3                             0x08001924   Number         4  app.o(.text.enableKey_process)
    __arm_cp.6_4                             0x08001928   Number         4  app.o(.text.enableKey_process)
    __arm_cp.6_5                             0x0800192c   Number         4  app.o(.text.enableKey_process)
    __arm_cp.6_6                             0x08001930   Number         4  app.o(.text.enableKey_process)
    __arm_cp.6_7                             0x08001934   Number         4  app.o(.text.enableKey_process)
    [Anonymous Symbol]                       0x08001938   Section        0  bsp_driver.o(.text.gpio_init)
    __arm_cp.0_0                             0x08001a54   Number         4  bsp_driver.o(.text.gpio_init)
    __arm_cp.0_1                             0x08001a58   Number         4  bsp_driver.o(.text.gpio_init)
    [Anonymous Symbol]                       0x08001a5c   Section        0  segment_driver.o(.text.inputNumber)
    __arm_cp.7_0                             0x08001b24   Number         4  segment_driver.o(.text.inputNumber)
    __arm_cp.7_1                             0x08001b28   Number         4  segment_driver.o(.text.inputNumber)
    __arm_cp.7_2                             0x08001b2c   Number         4  segment_driver.o(.text.inputNumber)
    [Anonymous Symbol]                       0x08001b30   Section        0  bsp_driver.o(.text.lightModePeriodProcess)
    __arm_cp.57_0                            0x08001ccc   Number         4  bsp_driver.o(.text.lightModePeriodProcess)
    __arm_cp.57_2                            0x08001cd0   Number         4  bsp_driver.o(.text.lightModePeriodProcess)
    __arm_cp.57_3                            0x08001cd4   Number         4  bsp_driver.o(.text.lightModePeriodProcess)
    __arm_cp.57_5                            0x08001cd8   Number         4  bsp_driver.o(.text.lightModePeriodProcess)
    __arm_cp.57_6                            0x08001cdc   Number         4  bsp_driver.o(.text.lightModePeriodProcess)
    __arm_cp.57_7                            0x08001ce0   Number         4  bsp_driver.o(.text.lightModePeriodProcess)
    __arm_cp.57_8                            0x08001ce4   Number         4  bsp_driver.o(.text.lightModePeriodProcess)
    __arm_cp.57_9                            0x08001ce8   Number         4  bsp_driver.o(.text.lightModePeriodProcess)
    __arm_cp.57_10                           0x08001cec   Number         4  bsp_driver.o(.text.lightModePeriodProcess)
    __arm_cp.57_11                           0x08001cf0   Number         4  bsp_driver.o(.text.lightModePeriodProcess)
    __arm_cp.57_12                           0x08001cf4   Number         4  bsp_driver.o(.text.lightModePeriodProcess)
    __arm_cp.57_13                           0x08001cf8   Number         4  bsp_driver.o(.text.lightModePeriodProcess)
    __arm_cp.57_14                           0x08001cfc   Number         4  bsp_driver.o(.text.lightModePeriodProcess)
    __arm_cp.57_15                           0x08001d00   Number         4  bsp_driver.o(.text.lightModePeriodProcess)
    __arm_cp.57_16                           0x08001d04   Number         4  bsp_driver.o(.text.lightModePeriodProcess)
    __arm_cp.57_17                           0x08001d08   Number         4  bsp_driver.o(.text.lightModePeriodProcess)
    [Anonymous Symbol]                       0x08001d0c   Section        0  main.o(.text.main)
    __arm_cp.0_0                             0x08001d94   Number         4  main.o(.text.main)
    __arm_cp.0_1                             0x08001d98   Number         4  main.o(.text.main)
    __arm_cp.0_2                             0x08001d9c   Number         4  main.o(.text.main)
    __arm_cp.0_3                             0x08001da0   Number         4  main.o(.text.main)
    __arm_cp.0_4                             0x08001da4   Number         4  main.o(.text.main)
    [Anonymous Symbol]                       0x08001da8   Section        0  main.o(.text.millis)
    __arm_cp.4_0                             0x08001db0   Number         4  main.o(.text.millis)
    modeKey_process                          0x08001db5   Thumb Code   264  app.o(.text.modeKey_process)
    [Anonymous Symbol]                       0x08001db4   Section        0  app.o(.text.modeKey_process)
    __arm_cp.8_0                             0x08001ebc   Number         4  app.o(.text.modeKey_process)
    __arm_cp.8_1                             0x08001ec0   Number         4  app.o(.text.modeKey_process)
    __arm_cp.8_2                             0x08001ec4   Number         4  app.o(.text.modeKey_process)
    __arm_cp.8_3                             0x08001ec8   Number         4  app.o(.text.modeKey_process)
    __arm_cp.8_4                             0x08001ecc   Number         4  app.o(.text.modeKey_process)
    __arm_cp.8_5                             0x08001ed0   Number         4  app.o(.text.modeKey_process)
    __arm_cp.8_6                             0x08001ed4   Number         4  app.o(.text.modeKey_process)
    __arm_cp.8_7                             0x08001ed8   Number         4  app.o(.text.modeKey_process)
    [Anonymous Symbol]                       0x08001edc   Section        0  segment_driver.o(.text.setBatteryLevel)
    [Anonymous Symbol]                       0x08001f80   Section        0  bsp_driver.o(.text.setColdLightDutyCycle)
    __arm_cp.54_0                            0x08001fb4   Number         4  bsp_driver.o(.text.setColdLightDutyCycle)
    __arm_cp.54_2                            0x08001fb8   Number         4  bsp_driver.o(.text.setColdLightDutyCycle)
    [Anonymous Symbol]                       0x08001fbc   Section        0  segment_driver.o(.text.setGPIOState)
    [Anonymous Symbol]                       0x08001fe8   Section        0  bsp_driver.o(.text.setLightOff)
    __arm_cp.56_1                            0x08001ff4   Number         4  bsp_driver.o(.text.setLightOff)
    [Anonymous Symbol]                       0x08001ff8   Section        0  segment_driver.o(.text.setMode)
    [Anonymous Symbol]                       0x0800202c   Section        0  bsp_driver.o(.text.setPA14_PA15_Mode)
    [Anonymous Symbol]                       0x080020b8   Section        0  segment_driver.o(.text.setSegmentOff)
    [Anonymous Symbol]                       0x080020f4   Section        0  segment_driver.o(.text.setSegmentOn)
    __arm_cp.5_0                             0x080021b8   Number         4  segment_driver.o(.text.setSegmentOn)
    __arm_cp.5_1                             0x080021bc   Number         4  segment_driver.o(.text.setSegmentOn)
    __arm_cp.5_2                             0x080021c0   Number         4  segment_driver.o(.text.setSegmentOn)
    [Anonymous Symbol]                       0x080021c4   Section        0  bsp_driver.o(.text.setTemperature)
    __arm_cp.52_8                            0x0800227c   Number         4  bsp_driver.o(.text.setTemperature)
    __arm_cp.52_9                            0x08002280   Number         4  bsp_driver.o(.text.setTemperature)
    [Anonymous Symbol]                       0x08002284   Section        0  bsp_driver.o(.text.setTemperature_noRecord)
    __arm_cp.55_0                            0x08002330   Number         4  bsp_driver.o(.text.setTemperature_noRecord)
    __arm_cp.55_1                            0x08002334   Number         4  bsp_driver.o(.text.setTemperature_noRecord)
    __arm_cp.55_2                            0x08002338   Number         4  bsp_driver.o(.text.setTemperature_noRecord)
    __arm_cp.55_3                            0x0800233c   Number         4  bsp_driver.o(.text.setTemperature_noRecord)
    __arm_cp.55_4                            0x08002340   Number         4  bsp_driver.o(.text.setTemperature_noRecord)
    __arm_cp.55_5                            0x08002344   Number         4  bsp_driver.o(.text.setTemperature_noRecord)
    __arm_cp.55_6                            0x08002348   Number         4  bsp_driver.o(.text.setTemperature_noRecord)
    __arm_cp.55_7                            0x0800234c   Number         4  bsp_driver.o(.text.setTemperature_noRecord)
    [Anonymous Symbol]                       0x08002350   Section        0  bsp_driver.o(.text.setWarmLightDutyCycle)
    __arm_cp.53_0                            0x08002384   Number         4  bsp_driver.o(.text.setWarmLightDutyCycle)
    __arm_cp.53_1                            0x08002388   Number         4  bsp_driver.o(.text.setWarmLightDutyCycle)
    __arm_cp.53_2                            0x0800238c   Number         4  bsp_driver.o(.text.setWarmLightDutyCycle)
    [Anonymous Symbol]                       0x08002390   Section        0  bsp_driver.o(.text.timer1_init)
    __arm_cp.9_0                             0x080024fc   Number         4  bsp_driver.o(.text.timer1_init)
    __arm_cp.9_1                             0x08002500   Number         4  bsp_driver.o(.text.timer1_init)
    __arm_cp.9_2                             0x08002504   Number         4  bsp_driver.o(.text.timer1_init)
    __arm_cp.9_3                             0x08002508   Number         4  bsp_driver.o(.text.timer1_init)
    __arm_cp.9_4                             0x0800250c   Number         4  bsp_driver.o(.text.timer1_init)
    __arm_cp.9_5                             0x08002510   Number         4  bsp_driver.o(.text.timer1_init)
    __arm_cp.9_6                             0x08002514   Number         4  bsp_driver.o(.text.timer1_init)
    __arm_cp.9_7                             0x08002518   Number         4  bsp_driver.o(.text.timer1_init)
    __arm_cp.9_8                             0x0800251c   Number         4  bsp_driver.o(.text.timer1_init)
    upDownkey_process                        0x08002521   Thumb Code   328  app.o(.text.upDownkey_process)
    [Anonymous Symbol]                       0x08002520   Section        0  app.o(.text.upDownkey_process)
    __arm_cp.9_0                             0x08002668   Number         4  app.o(.text.upDownkey_process)
    __arm_cp.9_1                             0x0800266c   Number         4  app.o(.text.upDownkey_process)
    __arm_cp.9_2                             0x08002670   Number         4  app.o(.text.upDownkey_process)
    __arm_cp.9_3                             0x08002674   Number         4  app.o(.text.upDownkey_process)
    __arm_cp.9_4                             0x08002678   Number         4  app.o(.text.upDownkey_process)
    __arm_cp.9_5                             0x0800267c   Number         4  app.o(.text.upDownkey_process)
    __arm_cp.9_6                             0x08002680   Number         4  app.o(.text.upDownkey_process)
    __arm_cp.9_7                             0x08002684   Number         4  app.o(.text.upDownkey_process)
    i.__scatterload_copy                     0x08002688   Section       14  handlers.o(i.__scatterload_copy)
    i.__scatterload_null                     0x08002696   Section        2  handlers.o(i.__scatterload_null)
    i.__scatterload_zeroinit                 0x08002698   Section       14  handlers.o(i.__scatterload_zeroinit)
    lightModePeriodProcess.percent           0x20000118   Data           4  bsp_driver.o(.data.lightModePeriodProcess.percent)
    [Anonymous Symbol]                       0x20000118   Section        0  bsp_driver.o(.data.lightModePeriodProcess.percent)
    lightness_last                           0x20000124   Data           4  bsp_driver.o(.data.lightness_last)
    [Anonymous Symbol]                       0x20000124   Section        0  bsp_driver.o(.data.lightness_last)
    Bat_process.batLevel_real                0x200001d0   Data           4  app.o(.bss.Bat_process.batLevel_real)
    [Anonymous Symbol]                       0x200001d0   Section        0  app.o(.bss.Bat_process.batLevel_real)
    Bat_process.batLevel_temp                0x200001d4   Data           4  app.o(.bss.Bat_process.batLevel_temp)
    [Anonymous Symbol]                       0x200001d4   Section        0  app.o(.bss.Bat_process.batLevel_temp)
    Task_100ms_process.cnt_100ms             0x200001d8   Data           4  app.o(.bss.Task_100ms_process.cnt_100ms)
    [Anonymous Symbol]                       0x200001d8   Section        0  app.o(.bss.Task_100ms_process.cnt_100ms)
    lightModePeriodProcess.count_1ms         0x20000220   Data           4  bsp_driver.o(.bss.lightModePeriodProcess.count_1ms)
    [Anonymous Symbol]                       0x20000220   Section        0  bsp_driver.o(.bss.lightModePeriodProcess.count_1ms)
    lightModePeriodProcess.direction         0x20000224   Data           1  bsp_driver.o(.bss.lightModePeriodProcess.direction)
    [Anonymous Symbol]                       0x20000224   Section        0  bsp_driver.o(.bss.lightModePeriodProcess.direction)
    lightModePeriodProcess.lightness         0x20000228   Data           4  bsp_driver.o(.bss.lightModePeriodProcess.lightness)
    [Anonymous Symbol]                       0x20000228   Section        0  bsp_driver.o(.bss.lightModePeriodProcess.lightness)
    lightModePeriodProcess.subMode_last      0x2000022c   Data           4  bsp_driver.o(.bss.lightModePeriodProcess.subMode_last)
    [Anonymous Symbol]                       0x2000022c   Section        0  bsp_driver.o(.bss.lightModePeriodProcess.subMode_last)
    lightModePeriodProcess.temper            0x20000230   Data           4  bsp_driver.o(.bss.lightModePeriodProcess.temper)
    [Anonymous Symbol]                       0x20000230   Section        0  bsp_driver.o(.bss.lightModePeriodProcess.temper)
    lightModePeriodProcess.temper_last       0x20000234   Data           4  bsp_driver.o(.bss.lightModePeriodProcess.temper_last)
    [Anonymous Symbol]                       0x20000234   Section        0  bsp_driver.o(.bss.lightModePeriodProcess.temper_last)
    pt100ms                                  0x20000238   Data           8  app.o(.bss.pt100ms)
    [Anonymous Symbol]                       0x20000238   Section        0  app.o(.bss.pt100ms)
    setSegmentOn.last_segment                0x20000240   Data           4  segment_driver.o(.bss.setSegmentOn.last_segment)
    [Anonymous Symbol]                       0x20000240   Section        0  segment_driver.o(.bss.setSegmentOn.last_segment)
    targetTemperature_last                   0x20000248   Data           4  bsp_driver.o(.bss.targetTemperature_last)
    [Anonymous Symbol]                       0x20000248   Section        0  bsp_driver.o(.bss.targetTemperature_last)
    STACK                                    0x20000250   Section     1024  startup_xl32f003x6.o(STACK)

    Global Symbols

    Symbol Name                              Value     Ov Type        Size  Object(Section)

    BuildAttributes$$THM_ISAv3M$S$PE$A:L22$X:L11$S22$IEEE1$IW$~IW$USESV6$~STKCKD$USESV7$~SHL$OTIME$ROPI$EBA8$MICROLIB$REQ8$PRES8$EABIv2 0x00000000   Number         0  anon$$obj.o ABSOLUTE
    __cpp_initialize__aeabi_                  - Undefined Weak Reference
    __cxa_finalize                            - Undefined Weak Reference
    _clock_init                               - Undefined Weak Reference
    _microlib_exit                            - Undefined Weak Reference
    __Vectors_Size                           0x000000c0   Number         0  startup_xl32f003x6.o ABSOLUTE
    __Vectors                                0x08000000   Data           4  startup_xl32f003x6.o(RESET)
    __Vectors_End                            0x080000c0   Data           0  startup_xl32f003x6.o(RESET)
    __main                                   0x080000c1   Thumb Code     0  entry.o(.ARM.Collect$$$$00000000)
    _main_stk                                0x080000c1   Thumb Code     0  entry2.o(.ARM.Collect$$$$00000001)
    _main_scatterload                        0x080000c5   Thumb Code     0  entry5.o(.ARM.Collect$$$$00000004)
    __main_after_scatterload                 0x080000c9   Thumb Code     0  entry5.o(.ARM.Collect$$$$00000004)
    _main_clock                              0x080000c9   Thumb Code     0  entry7b.o(.ARM.Collect$$$$00000008)
    _main_cpp_init                           0x080000c9   Thumb Code     0  entry8b.o(.ARM.Collect$$$$0000000A)
    _main_init                               0x080000c9   Thumb Code     0  entry9a.o(.ARM.Collect$$$$0000000B)
    __rt_final_cpp                           0x080000d1   Thumb Code     0  entry10a.o(.ARM.Collect$$$$0000000D)
    __rt_final_exit                          0x080000d1   Thumb Code     0  entry11a.o(.ARM.Collect$$$$0000000F)
    Reset_Handler                            0x080000d5   Thumb Code     8  startup_xl32f003x6.o(.text)
    DMA1_Channel1_IRQHandler                 0x080000e7   Thumb Code     0  startup_xl32f003x6.o(.text)
    DMA1_Channel2_3_IRQHandler               0x080000e7   Thumb Code     0  startup_xl32f003x6.o(.text)
    EXTI0_1_IRQHandler                       0x080000e7   Thumb Code     0  startup_xl32f003x6.o(.text)
    EXTI2_3_IRQHandler                       0x080000e7   Thumb Code     0  startup_xl32f003x6.o(.text)
    EXTI4_15_IRQHandler                      0x080000e7   Thumb Code     0  startup_xl32f003x6.o(.text)
    FLASH_IRQHandler                         0x080000e7   Thumb Code     0  startup_xl32f003x6.o(.text)
    I2C1_IRQHandler                          0x080000e7   Thumb Code     0  startup_xl32f003x6.o(.text)
    LPTIM1_IRQHandler                        0x080000e7   Thumb Code     0  startup_xl32f003x6.o(.text)
    PVD_IRQHandler                           0x080000e7   Thumb Code     0  startup_xl32f003x6.o(.text)
    RCC_IRQHandler                           0x080000e7   Thumb Code     0  startup_xl32f003x6.o(.text)
    RTC_IRQHandler                           0x080000e7   Thumb Code     0  startup_xl32f003x6.o(.text)
    SPI1_IRQHandler                          0x080000e7   Thumb Code     0  startup_xl32f003x6.o(.text)
    TIM14_IRQHandler                         0x080000e7   Thumb Code     0  startup_xl32f003x6.o(.text)
    TIM16_IRQHandler                         0x080000e7   Thumb Code     0  startup_xl32f003x6.o(.text)
    TIM17_IRQHandler                         0x080000e7   Thumb Code     0  startup_xl32f003x6.o(.text)
    TIM1_BRK_UP_TRG_COM_IRQHandler           0x080000e7   Thumb Code     0  startup_xl32f003x6.o(.text)
    TIM1_CC_IRQHandler                       0x080000e7   Thumb Code     0  startup_xl32f003x6.o(.text)
    USART1_IRQHandler                        0x080000e7   Thumb Code     0  startup_xl32f003x6.o(.text)
    USART2_IRQHandler                        0x080000e7   Thumb Code     0  startup_xl32f003x6.o(.text)
    WWDG_IRQHandler                          0x080000e7   Thumb Code     0  startup_xl32f003x6.o(.text)
    __aeabi_fadd                             0x080000f1   Thumb Code   162  fadd.o(.text)
    __aeabi_fsub                             0x08000193   Thumb Code     8  fadd.o(.text)
    __aeabi_frsub                            0x0800019b   Thumb Code     8  fadd.o(.text)
    __aeabi_fmul                             0x080001a3   Thumb Code   122  fmul.o(.text)
    __aeabi_fdiv                             0x0800021d   Thumb Code   124  fdiv.o(.text)
    __aeabi_i2f                              0x08000299   Thumb Code    22  fflti.o(.text)
    __aeabi_ui2f                             0x080002af   Thumb Code    14  ffltui.o(.text)
    __aeabi_f2iz                             0x080002bd   Thumb Code    50  ffixi.o(.text)
    __aeabi_uidiv                            0x080002ef   Thumb Code     0  uidiv_div0.o(.text)
    __aeabi_uidivmod                         0x080002ef   Thumb Code    62  uidiv_div0.o(.text)
    __aeabi_idiv                             0x0800032d   Thumb Code     0  idiv_div0.o(.text)
    __aeabi_idivmod                          0x0800032d   Thumb Code    74  idiv_div0.o(.text)
    __I$use$fp                               0x0800037d   Thumb Code     0  iusefp.o(.text)
    _float_round                             0x0800037d   Thumb Code    16  fepilogue.o(.text)
    _float_epilogue                          0x0800038d   Thumb Code   114  fepilogue.o(.text)
    __scatterload                            0x08000401   Thumb Code    28  init.o(.text)
    __scatterload_rt2                        0x08000401   Thumb Code     0  init.o(.text)
    __decompress                             0x08000425   Thumb Code     0  __dczerorl2.o(.text)
    __decompress1                            0x08000425   Thumb Code    86  __dczerorl2.o(.text)
    main                                     0x0800047d   Thumb Code    72  system_xl32f0xx.o(.text.$Sub$$main)
    ADC_COMP_IRQHandler                      0x080004cd   Thumb Code    28  bsp_driver.o(.text.ADC_COMP_IRQHandler)
    ADC_init                                 0x080004e9   Thumb Code   188  bsp_driver.o(.text.ADC_init)
    ADC_start                                0x080005a9   Thumb Code    84  bsp_driver.o(.text.ADC_start)
    APP_AdcGrpRegularUnitaryConvCompleteCallback 0x080005fd   Thumb Code    16  bsp_driver.o(.text.APP_AdcGrpRegularUnitaryConvCompleteCallback)
    HardFault_Handler                        0x080007ad   Thumb Code     4  xl32f0xx_it.o(.text.HardFault_Handler)
    IWDG_Config                              0x080007b1   Thumb Code    80  bsp_driver.o(.text.IWDG_Config)
    LL_GPIO_Init                             0x08000a6d   Thumb Code   206  xl32f0xx_ll_gpio.o(.text.LL_GPIO_Init)
    LL_Init1msTick                           0x08000e25   Thumb Code    20  xl32f0xx_ll_utils.o(.text.LL_Init1msTick)
    LL_SetSystemCoreClock                    0x08000f21   Thumb Code    16  xl32f0xx_ll_utils.o(.text.LL_SetSystemCoreClock)
    LL_TIM_Init                              0x08000f7d   Thumb Code   200  xl32f0xx_ll_tim.o(.text.LL_TIM_Init)
    LL_TIM_OC_Init                           0x0800104d   Thumb Code   124  xl32f0xx_ll_tim.o(.text.LL_TIM_OC_Init)
    LL_TIM_OC_StructInit                     0x08001109   Thumb Code    42  xl32f0xx_ll_tim.o(.text.LL_TIM_OC_StructInit)
    LL_mDelay                                0x08001165   Thumb Code    72  xl32f0xx_ll_utils.o(.text.LL_mDelay)
    NMI_Handler                              0x080011b1   Thumb Code     2  xl32f0xx_it.o(.text.NMI_Handler)
    PendSV_Handler                           0x080015c9   Thumb Code     2  xl32f0xx_it.o(.text.PendSV_Handler)
    SVC_Handler                              0x080015cb   Thumb Code     2  xl32f0xx_it.o(.text.SVC_Handler)
    SysTick_Handler                          0x080015cd   Thumb Code    16  xl32f0xx_it.o(.text.SysTick_Handler)
    SystemInit                               0x08001655   Thumb Code    32  system_xl32f0xx.o(.text.SystemInit)
    System_Run                               0x08001685   Thumb Code    20  app.o(.text.System_Run)
    TIM3_IRQHandler                          0x0800169d   Thumb Code    16  bsp_driver.o(.text.TIM3_IRQHandler)
    closeSegment                             0x080017b5   Thumb Code    68  segment_driver.o(.text.closeSegment)
    controlSegment                           0x080017f9   Thumb Code   124  segment_driver.o(.text.controlSegment)
    gpio_init                                0x08001939   Thumb Code   284  bsp_driver.o(.text.gpio_init)
    inputNumber                              0x08001a5d   Thumb Code   200  segment_driver.o(.text.inputNumber)
    lightModePeriodProcess                   0x08001b31   Thumb Code   412  bsp_driver.o(.text.lightModePeriodProcess)
    $Super$$main                             0x08001d0d   Thumb Code   136  main.o(.text.main)
    millis                                   0x08001da9   Thumb Code     8  main.o(.text.millis)
    setBatteryLevel                          0x08001edd   Thumb Code   164  segment_driver.o(.text.setBatteryLevel)
    setColdLightDutyCycle                    0x08001f81   Thumb Code    52  bsp_driver.o(.text.setColdLightDutyCycle)
    setGPIOState                             0x08001fbd   Thumb Code    44  segment_driver.o(.text.setGPIOState)
    setLightOff                              0x08001fe9   Thumb Code    12  bsp_driver.o(.text.setLightOff)
    setMode                                  0x08001ff9   Thumb Code    52  segment_driver.o(.text.setMode)
    setPA14_PA15_Mode                        0x0800202d   Thumb Code   140  bsp_driver.o(.text.setPA14_PA15_Mode)
    setSegmentOff                            0x080020b9   Thumb Code    60  segment_driver.o(.text.setSegmentOff)
    setSegmentOn                             0x080020f5   Thumb Code   196  segment_driver.o(.text.setSegmentOn)
    setTemperature                           0x080021c5   Thumb Code   184  bsp_driver.o(.text.setTemperature)
    setTemperature_noRecord                  0x08002285   Thumb Code   172  bsp_driver.o(.text.setTemperature_noRecord)
    setWarmLightDutyCycle                    0x08002351   Thumb Code    52  bsp_driver.o(.text.setWarmLightDutyCycle)
    timer1_init                              0x08002391   Thumb Code   364  bsp_driver.o(.text.timer1_init)
    __scatterload_copy                       0x08002689   Thumb Code    14  handlers.o(i.__scatterload_copy)
    __scatterload_null                       0x08002697   Thumb Code     2  handlers.o(i.__scatterload_null)
    __scatterload_zeroinit                   0x08002699   Thumb Code    14  handlers.o(i.__scatterload_zeroinit)
    segmentValues                            0x080026a6   Data          10  segment_driver.o(.rodata.segmentValues)
    Region$$Table$$Base                      0x080026b0   Number         0  anon$$obj.o(Region$$Table)
    Region$$Table$$Limit                     0x080026d0   Number         0  anon$$obj.o(Region$$Table)
    VECT_SRAM_TAB                            0x20000000   Data         192  system_xl32f0xx.o(.ARM.__at_0x20000000)
    SystemCoreClock                          0x200000c0   Data           4  system_xl32f0xx.o(.data.SystemCoreClock)
    gpioConfigs                              0x200000c4   Data          84  segment_driver.o(.data.gpioConfigs)
    lightTemperature                         0x2000011c   Data           4  app.o(.data.lightTemperature)
    lightness                                0x20000120   Data           4  app.o(.data.lightness)
    segmentControls                          0x20000128   Data         160  segment_driver.o(.data.segmentControls)
    subMode                                  0x200001c8   Data           4  app.o(.data.subMode)
    adc_data                                 0x200001dc   Data           2  bsp_driver.o(.bss.adc_data)
    devEnable                                0x200001e0   Data           4  app.o(.bss.devEnable)
    devMode                                  0x200001e4   Data           1  app.o(.bss.devMode)
    indexMap                                 0x200001e5   Data          41  segment_driver.o(.bss.indexMap)
    indexMapNum                              0x2000020e   Data           1  segment_driver.o(.bss.indexMapNum)
    isCharge                                 0x20000210   Data           4  app.o(.bss.isCharge)
    key1_count                               0x20000214   Data           4  app.o(.bss.key1_count)
    key2_count                               0x20000218   Data           4  app.o(.bss.key2_count)
    lightMode                                0x2000021c   Data           1  app.o(.bss.lightMode)
    sys_ms                                   0x20000244   Data           4  bsp_driver.o(.bss.sys_ms)
    __initial_sp                             0x20000650   Data           0  startup_xl32f003x6.o(STACK)



==============================================================================

Memory Map of the image

  Image Entry point : 0x080000c1

  Load Region LR_IROM1 (Base: 0x08000000, Size: 0x000028a0, Max: 0x00008000, ABSOLUTE, COMPRESSED[0x00002768])

    Execution Region ER_IROM1 (Exec base: 0x08000000, Load base: 0x08000000, Size: 0x000026d0, Max: 0x00008000, ABSOLUTE)

    Exec Addr    Load Addr    Size         Type   Attr      Idx    E Section Name        Object

    0x08000000   0x08000000   0x000000c0   Data   RO           21    RESET               startup_xl32f003x6.o
    0x080000c0   0x080000c0   0x00000000   Code   RO          639  * .ARM.Collect$$$$00000000  mc_p.l(entry.o)
    0x080000c0   0x080000c0   0x00000004   Code   RO          660    .ARM.Collect$$$$00000001  mc_p.l(entry2.o)
    0x080000c4   0x080000c4   0x00000004   Code   RO          663    .ARM.Collect$$$$00000004  mc_p.l(entry5.o)
    0x080000c8   0x080000c8   0x00000000   Code   RO          665    .ARM.Collect$$$$00000008  mc_p.l(entry7b.o)
    0x080000c8   0x080000c8   0x00000000   Code   RO          667    .ARM.Collect$$$$0000000A  mc_p.l(entry8b.o)
    0x080000c8   0x080000c8   0x00000008   Code   RO          668    .ARM.Collect$$$$0000000B  mc_p.l(entry9a.o)
    0x080000d0   0x080000d0   0x00000000   Code   RO          670    .ARM.Collect$$$$0000000D  mc_p.l(entry10a.o)
    0x080000d0   0x080000d0   0x00000000   Code   RO          672    .ARM.Collect$$$$0000000F  mc_p.l(entry11a.o)
    0x080000d0   0x080000d0   0x00000004   Code   RO          661    .ARM.Collect$$$$00002712  mc_p.l(entry2.o)
    0x080000d4   0x080000d4   0x0000001c   Code   RO           22    .text               startup_xl32f003x6.o
    0x080000f0   0x080000f0   0x000000b2   Code   RO          648    .text               mf_p.l(fadd.o)
    0x080001a2   0x080001a2   0x0000007a   Code   RO          650    .text               mf_p.l(fmul.o)
    0x0800021c   0x0800021c   0x0000007c   Code   RO          652    .text               mf_p.l(fdiv.o)
    0x08000298   0x08000298   0x00000016   Code   RO          654    .text               mf_p.l(fflti.o)
    0x080002ae   0x080002ae   0x0000000e   Code   RO          656    .text               mf_p.l(ffltui.o)
    0x080002bc   0x080002bc   0x00000032   Code   RO          658    .text               mf_p.l(ffixi.o)
    0x080002ee   0x080002ee   0x0000003e   Code   RO          676    .text               mc_p.l(uidiv_div0.o)
    0x0800032c   0x0800032c   0x00000050   Code   RO          678    .text               mc_p.l(idiv_div0.o)
    0x0800037c   0x0800037c   0x00000000   Code   RO          682    .text               mc_p.l(iusefp.o)
    0x0800037c   0x0800037c   0x00000082   Code   RO          683    .text               mf_p.l(fepilogue.o)
    0x080003fe   0x080003fe   0x00000002   PAD
    0x08000400   0x08000400   0x00000024   Code   RO          685    .text               mc_p.l(init.o)
    0x08000424   0x08000424   0x00000056   Code   RO          695    .text               mc_p.l(__dczerorl2.o)
    0x0800047a   0x0800047a   0x00000002   PAD
    0x0800047c   0x0800047c   0x00000050   Code   RO            6    .text.$Sub$$main    system_xl32f0xx.o
    0x080004cc   0x080004cc   0x0000001c   Code   RO          179    .text.ADC_COMP_IRQHandler  bsp_driver.o
    0x080004e8   0x080004e8   0x000000c0   Code   RO          135    .text.ADC_init      bsp_driver.o
    0x080005a8   0x080005a8   0x00000054   Code   RO          165    .text.ADC_start     bsp_driver.o
    0x080005fc   0x080005fc   0x00000014   Code   RO          175    .text.APP_AdcGrpRegularUnitaryConvCompleteCallback  bsp_driver.o
    0x08000610   0x08000610   0x0000019c   Code   RO          572    .text.Bat_process   app.o
    0x080007ac   0x080007ac   0x00000004   Code   RO           66    .text.HardFault_Handler  xl32f0xx_it.o
    0x080007b0   0x080007b0   0x00000058   Code   RO          117    .text.IWDG_Config   bsp_driver.o
    0x08000808   0x08000808   0x0000000e   Code   RO          183    .text.LL_ADC_ClearFlag_EOC  bsp_driver.o
    0x08000816   0x08000816   0x00000002   PAD
    0x08000818   0x08000818   0x00000018   Code   RO          171    .text.LL_ADC_Enable  bsp_driver.o
    0x08000830   0x08000830   0x00000012   Code   RO          163    .text.LL_ADC_EnableIT_EOC  bsp_driver.o
    0x08000842   0x08000842   0x00000012   Code   RO          181    .text.LL_ADC_IsActiveFlag_EOC  bsp_driver.o
    0x08000854   0x08000854   0x00000014   Code   RO          169    .text.LL_ADC_IsCalibrationOnGoing  bsp_driver.o
    0x08000868   0x08000868   0x00000010   Code   RO          139    .text.LL_ADC_IsEnabled  bsp_driver.o
    0x08000878   0x08000878   0x0000000e   Code   RO          177    .text.LL_ADC_REG_ReadConversionData12  bsp_driver.o
    0x08000886   0x08000886   0x0000001c   Code   RO          153    .text.LL_ADC_REG_SetContinuousMode  bsp_driver.o
    0x080008a2   0x080008a2   0x0000001a   Code   RO          155    .text.LL_ADC_REG_SetDMATransfer  bsp_driver.o
    0x080008bc   0x080008bc   0x0000001c   Code   RO          157    .text.LL_ADC_REG_SetOverrun  bsp_driver.o
    0x080008d8   0x080008d8   0x00000018   Code   RO          161    .text.LL_ADC_REG_SetSequencerChannels  bsp_driver.o
    0x080008f0   0x080008f0   0x0000001c   Code   RO          159    .text.LL_ADC_REG_SetSequencerDiscont  bsp_driver.o
    0x0800090c   0x0800090c   0x0000001c   Code   RO          151    .text.LL_ADC_REG_SetTriggerSource  bsp_driver.o
    0x08000928   0x08000928   0x0000001c   Code   RO          173    .text.LL_ADC_REG_StartConversion  bsp_driver.o
    0x08000944   0x08000944   0x0000001a   Code   RO          137    .text.LL_ADC_Reset  bsp_driver.o
    0x0800095e   0x0800095e   0x0000001c   Code   RO          143    .text.LL_ADC_SetClock  bsp_driver.o
    0x0800097a   0x0800097a   0x0000001c   Code   RO          141    .text.LL_ADC_SetCommonPathInternalCh  bsp_driver.o
    0x08000996   0x08000996   0x0000001c   Code   RO          147    .text.LL_ADC_SetLowPowerMode  bsp_driver.o
    0x080009b2   0x080009b2   0x0000001a   Code   RO          145    .text.LL_ADC_SetResolution  bsp_driver.o
    0x080009cc   0x080009cc   0x0000001a   Code   RO          149    .text.LL_ADC_SetSamplingTimeCommonChannels  bsp_driver.o
    0x080009e6   0x080009e6   0x0000001a   Code   RO          167    .text.LL_ADC_StartCalibration  bsp_driver.o
    0x08000a00   0x08000a00   0x00000020   Code   RO          103    .text.LL_APB1_GRP1_EnableClock  bsp_driver.o
    0x08000a20   0x08000a20   0x00000020   Code   RO          101    .text.LL_APB1_GRP2_EnableClock  bsp_driver.o
    0x08000a40   0x08000a40   0x00000014   Code   RO          197    .text.LL_APB1_GRP2_ForceReset  bsp_driver.o
    0x08000a54   0x08000a54   0x00000018   Code   RO          199    .text.LL_APB1_GRP2_ReleaseReset  bsp_driver.o
    0x08000a6c   0x08000a6c   0x000000ce   Code   RO          349    .text.LL_GPIO_Init  xl32f0xx_ll_gpio.o
    0x08000b3a   0x08000b3a   0x00000018   Code   RO           33    .text.LL_GPIO_IsInputPinSet  main.o
    0x08000b52   0x08000b52   0x00000018   Code   RO          574    .text.LL_GPIO_IsInputPinSet  app.o
    0x08000b6a   0x08000b6a   0x00000010   Code   RO           93    .text.LL_GPIO_ResetOutputPin  bsp_driver.o
    0x08000b7a   0x08000b7a   0x00000010   Code   RO          578    .text.LL_GPIO_ResetOutputPin  app.o
    0x08000b8a   0x08000b8a   0x00000010   Code   RO          609    .text.LL_GPIO_ResetOutputPin  segment_driver.o
    0x08000b9a   0x08000b9a   0x00000026   Code   RO          357    .text.LL_GPIO_SetAFPin_0_7  xl32f0xx_ll_gpio.o
    0x08000bc0   0x08000bc0   0x00000028   Code   RO           97    .text.LL_GPIO_SetAFPin_8_15  bsp_driver.o
    0x08000be8   0x08000be8   0x00000028   Code   RO          359    .text.LL_GPIO_SetAFPin_8_15  xl32f0xx_ll_gpio.o
    0x08000c10   0x08000c10   0x00000010   Code   RO          568    .text.LL_GPIO_SetOutputPin  app.o
    0x08000c20   0x08000c20   0x00000010   Code   RO          607    .text.LL_GPIO_SetOutputPin  segment_driver.o
    0x08000c30   0x08000c30   0x00000024   Code   RO           91    .text.LL_GPIO_SetPinMode  bsp_driver.o
    0x08000c54   0x08000c54   0x00000024   Code   RO          351    .text.LL_GPIO_SetPinMode  xl32f0xx_ll_gpio.o
    0x08000c78   0x08000c78   0x00000024   Code   RO          613    .text.LL_GPIO_SetPinMode  segment_driver.o
    0x08000c9c   0x08000c9c   0x0000001e   Code   RO           87    .text.LL_GPIO_SetPinOutputType  bsp_driver.o
    0x08000cba   0x08000cba   0x0000001e   Code   RO          361    .text.LL_GPIO_SetPinOutputType  xl32f0xx_ll_gpio.o
    0x08000cd8   0x08000cd8   0x00000024   Code   RO           89    .text.LL_GPIO_SetPinPull  bsp_driver.o
    0x08000cfc   0x08000cfc   0x00000024   Code   RO          355    .text.LL_GPIO_SetPinPull  xl32f0xx_ll_gpio.o
    0x08000d20   0x08000d20   0x00000024   Code   RO           85    .text.LL_GPIO_SetPinSpeed  bsp_driver.o
    0x08000d44   0x08000d44   0x00000024   Code   RO          353    .text.LL_GPIO_SetPinSpeed  xl32f0xx_ll_gpio.o
    0x08000d68   0x08000d68   0x00000020   Code   RO           83    .text.LL_IOP_GRP1_EnableClock  bsp_driver.o
    0x08000d88   0x08000d88   0x00000014   Code   RO          123    .text.LL_IWDG_Enable  bsp_driver.o
    0x08000d9c   0x08000d9c   0x00000014   Code   RO          125    .text.LL_IWDG_EnableWriteAccess  bsp_driver.o
    0x08000db0   0x08000db0   0x00000014   Code   RO          131    .text.LL_IWDG_IsReady  bsp_driver.o
    0x08000dc4   0x08000dc4   0x00000010   Code   RO           35    .text.LL_IWDG_ReloadCounter  main.o
    0x08000dd4   0x08000dd4   0x00000010   Code   RO          133    .text.LL_IWDG_ReloadCounter  bsp_driver.o
    0x08000de4   0x08000de4   0x00000014   Code   RO          570    .text.LL_IWDG_ReloadCounter  app.o
    0x08000df8   0x08000df8   0x00000014   Code   RO          127    .text.LL_IWDG_SetPrescaler  bsp_driver.o
    0x08000e0c   0x08000e0c   0x00000018   Code   RO          129    .text.LL_IWDG_SetReloadCounter  bsp_driver.o
    0x08000e24   0x08000e24   0x00000014   Code   RO          543    .text.LL_Init1msTick  xl32f0xx_ll_utils.o
    0x08000e38   0x08000e38   0x00000030   Code   RO          545    .text.LL_InitTick   xl32f0xx_ll_utils.o
    0x08000e68   0x08000e68   0x0000000c   Code   RO           51    .text.LL_RCC_GetSysClkSource  main.o
    0x08000e74   0x08000e74   0x00000010   Code   RO           41    .text.LL_RCC_HSI_Enable  main.o
    0x08000e84   0x08000e84   0x00000014   Code   RO           45    .text.LL_RCC_HSI_IsReady  main.o
    0x08000e98   0x08000e98   0x00000020   Code   RO           43    .text.LL_RCC_HSI_SetCalibFreq  main.o
    0x08000eb8   0x08000eb8   0x0000000c   Code   RO          119    .text.LL_RCC_LSI_Enable  bsp_driver.o
    0x08000ec4   0x08000ec4   0x00000010   Code   RO          121    .text.LL_RCC_LSI_IsReady  bsp_driver.o
    0x08000ed4   0x08000ed4   0x00000018   Code   RO           47    .text.LL_RCC_SetAHBPrescaler  main.o
    0x08000eec   0x08000eec   0x00000018   Code   RO           53    .text.LL_RCC_SetAPB1Prescaler  main.o
    0x08000f04   0x08000f04   0x0000001c   Code   RO           49    .text.LL_RCC_SetSysClkSource  main.o
    0x08000f20   0x08000f20   0x00000014   Code   RO          549    .text.LL_SetSystemCoreClock  xl32f0xx_ll_utils.o
    0x08000f34   0x08000f34   0x00000010   Code   RO          115    .text.LL_TIM_ClearFlag_UPDATE  bsp_driver.o
    0x08000f44   0x08000f44   0x00000012   Code   RO          105    .text.LL_TIM_EnableCounter  bsp_driver.o
    0x08000f56   0x08000f56   0x00000012   Code   RO          107    .text.LL_TIM_EnableIT_UPDATE  bsp_driver.o
    0x08000f68   0x08000f68   0x00000012   Code   RO          453    .text.LL_TIM_GenerateEvent_UPDATE  xl32f0xx_ll_tim.o
    0x08000f7a   0x08000f7a   0x00000002   PAD
    0x08000f7c   0x08000f7c   0x000000d0   Code   RO          445    .text.LL_TIM_Init   xl32f0xx_ll_tim.o
    0x0800104c   0x0800104c   0x0000007c   Code   RO          457    .text.LL_TIM_OC_Init  xl32f0xx_ll_tim.o
    0x080010c8   0x080010c8   0x00000010   Code   RO          495    .text.LL_TIM_OC_SetCompareCH1  xl32f0xx_ll_tim.o
    0x080010d8   0x080010d8   0x00000010   Code   RO          489    .text.LL_TIM_OC_SetCompareCH2  xl32f0xx_ll_tim.o
    0x080010e8   0x080010e8   0x00000010   Code   RO          497    .text.LL_TIM_OC_SetCompareCH3  xl32f0xx_ll_tim.o
    0x080010f8   0x080010f8   0x00000010   Code   RO          499    .text.LL_TIM_OC_SetCompareCH4  xl32f0xx_ll_tim.o
    0x08001108   0x08001108   0x0000002a   Code   RO          455    .text.LL_TIM_OC_StructInit  xl32f0xx_ll_tim.o
    0x08001132   0x08001132   0x00000010   Code   RO          447    .text.LL_TIM_SetAutoReload  xl32f0xx_ll_tim.o
    0x08001142   0x08001142   0x00000010   Code   RO          449    .text.LL_TIM_SetPrescaler  xl32f0xx_ll_tim.o
    0x08001152   0x08001152   0x00000010   Code   RO          451    .text.LL_TIM_SetRepetitionCounter  xl32f0xx_ll_tim.o
    0x08001162   0x08001162   0x00000002   PAD
    0x08001164   0x08001164   0x0000004c   Code   RO          547    .text.LL_mDelay     xl32f0xx_ll_utils.o
    0x080011b0   0x080011b0   0x00000002   Code   RO           64    .text.NMI_Handler   xl32f0xx_it.o
    0x080011b2   0x080011b2   0x00000002   PAD
    0x080011b4   0x080011b4   0x00000020   Code   RO          109    .text.NVIC_EnableIRQ  bsp_driver.o
    0x080011d4   0x080011d4   0x00000084   Code   RO          111    .text.NVIC_SetPriority  bsp_driver.o
    0x08001258   0x08001258   0x000000e4   Code   RO          459    .text.OC1Config     xl32f0xx_ll_tim.o
    0x0800133c   0x0800133c   0x000000e4   Code   RO          461    .text.OC2Config     xl32f0xx_ll_tim.o
    0x08001420   0x08001420   0x000000e4   Code   RO          463    .text.OC3Config     xl32f0xx_ll_tim.o
    0x08001504   0x08001504   0x000000c4   Code   RO          465    .text.OC4Config     xl32f0xx_ll_tim.o
    0x080015c8   0x080015c8   0x00000002   Code   RO           70    .text.PendSV_Handler  xl32f0xx_it.o
    0x080015ca   0x080015ca   0x00000002   Code   RO           68    .text.SVC_Handler   xl32f0xx_it.o
    0x080015cc   0x080015cc   0x00000014   Code   RO           72    .text.SysTick_Handler  xl32f0xx_it.o
    0x080015e0   0x080015e0   0x00000074   Code   RO           31    .text.SystemClock_Config  main.o
    0x08001654   0x08001654   0x00000030   Code   RO            4    .text.SystemInit    system_xl32f0xx.o
    0x08001684   0x08001684   0x00000018   Code   RO          564    .text.System_Run    app.o
    0x0800169c   0x0800169c   0x00000014   Code   RO          113    .text.TIM3_IRQHandler  bsp_driver.o
    0x080016b0   0x080016b0   0x00000104   Code   RO          566    .text.Task_100ms_process  app.o
    0x080017b4   0x080017b4   0x00000044   Code   RO          625    .text.closeSegment  segment_driver.o
    0x080017f8   0x080017f8   0x00000084   Code   RO          617    .text.controlSegment  segment_driver.o
    0x0800187c   0x0800187c   0x000000bc   Code   RO          576    .text.enableKey_process  app.o
    0x08001938   0x08001938   0x00000124   Code   RO           81    .text.gpio_init     bsp_driver.o
    0x08001a5c   0x08001a5c   0x000000d4   Code   RO          619    .text.inputNumber   segment_driver.o
    0x08001b30   0x08001b30   0x000001dc   Code   RO          195    .text.lightModePeriodProcess  bsp_driver.o
    0x08001d0c   0x08001d0c   0x0000009c   Code   RO           29    .text.main          main.o
    0x08001da8   0x08001da8   0x0000000c   Code   RO           37    .text.millis        main.o
    0x08001db4   0x08001db4   0x00000128   Code   RO          580    .text.modeKey_process  app.o
    0x08001edc   0x08001edc   0x000000a4   Code   RO          623    .text.setBatteryLevel  segment_driver.o
    0x08001f80   0x08001f80   0x0000003c   Code   RO          189    .text.setColdLightDutyCycle  bsp_driver.o
    0x08001fbc   0x08001fbc   0x0000002c   Code   RO          605    .text.setGPIOState  segment_driver.o
    0x08001fe8   0x08001fe8   0x00000010   Code   RO          193    .text.setLightOff   bsp_driver.o
    0x08001ff8   0x08001ff8   0x00000034   Code   RO          621    .text.setMode       segment_driver.o
    0x0800202c   0x0800202c   0x0000008c   Code   RO           95    .text.setPA14_PA15_Mode  bsp_driver.o
    0x080020b8   0x080020b8   0x0000003c   Code   RO          611    .text.setSegmentOff  segment_driver.o
    0x080020f4   0x080020f4   0x000000d0   Code   RO          615    .text.setSegmentOn  segment_driver.o
    0x080021c4   0x080021c4   0x000000c0   Code   RO          185    .text.setTemperature  bsp_driver.o
    0x08002284   0x08002284   0x000000cc   Code   RO          191    .text.setTemperature_noRecord  bsp_driver.o
    0x08002350   0x08002350   0x00000040   Code   RO          187    .text.setWarmLightDutyCycle  bsp_driver.o
    0x08002390   0x08002390   0x00000190   Code   RO           99    .text.timer1_init   bsp_driver.o
    0x08002520   0x08002520   0x00000168   Code   RO          582    .text.upDownkey_process  app.o
    0x08002688   0x08002688   0x0000000e   Code   RO          689    i.__scatterload_copy  mc_p.l(handlers.o)
    0x08002696   0x08002696   0x00000002   Code   RO          690    i.__scatterload_null  mc_p.l(handlers.o)
    0x08002698   0x08002698   0x0000000e   Code   RO          691    i.__scatterload_zeroinit  mc_p.l(handlers.o)
    0x080026a6   0x080026a6   0x0000000a   Data   RO          632    .rodata.segmentValues  segment_driver.o
    0x080026b0   0x080026b0   0x00000020   Data   RO          688    Region$$Table       anon$$obj.o


    Execution Region RW_IRAM1 (Exec base: 0x20000000, Load base: 0x080026d0, Size: 0x00000650, Max: 0x00002000, ABSOLUTE, COMPRESSED[0x00000098])

    Exec Addr    Load Addr    Size         Type   Attr      Idx    E Section Name        Object

    0x20000000   COMPRESSED   0x000000c0   Data   RW           12    .ARM.__at_0x20000000  system_xl32f0xx.o
    0x200000c0   COMPRESSED   0x00000004   Data   RW            8    .data.SystemCoreClock  system_xl32f0xx.o
    0x200000c4   COMPRESSED   0x00000054   Data   RW          627    .data.gpioConfigs   segment_driver.o
    0x20000118   COMPRESSED   0x00000004   Data   RW          207    .data.lightModePeriodProcess.percent  bsp_driver.o
    0x2000011c   COMPRESSED   0x00000004   Data   RW          589    .data.lightTemperature  app.o
    0x20000120   COMPRESSED   0x00000004   Data   RW          588    .data.lightness     app.o
    0x20000124   COMPRESSED   0x00000004   Data   RW          205    .data.lightness_last  bsp_driver.o
    0x20000128   COMPRESSED   0x000000a0   Data   RW          628    .data.segmentControls  segment_driver.o
    0x200001c8   COMPRESSED   0x00000004   Data   RW          587    .data.subMode       app.o
    0x200001cc   COMPRESSED   0x00000004   PAD
    0x200001d0        -       0x00000004   Zero   RW          597    .bss.Bat_process.batLevel_real  app.o
    0x200001d4        -       0x00000004   Zero   RW          596    .bss.Bat_process.batLevel_temp  app.o
    0x200001d8        -       0x00000004   Zero   RW          595    .bss.Task_100ms_process.cnt_100ms  app.o
    0x200001dc        -       0x00000002   Zero   RW          203    .bss.adc_data       bsp_driver.o
    0x200001de   COMPRESSED   0x00000002   PAD
    0x200001e0        -       0x00000004   Zero   RW          594    .bss.devEnable      app.o
    0x200001e4        -       0x00000001   Zero   RW          585    .bss.devMode        app.o
    0x200001e5        -       0x00000029   Zero   RW          629    .bss.indexMap       segment_driver.o
    0x2000020e        -       0x00000001   Zero   RW          631    .bss.indexMapNum    segment_driver.o
    0x2000020f   COMPRESSED   0x00000001   PAD
    0x20000210        -       0x00000004   Zero   RW          593    .bss.isCharge       app.o
    0x20000214        -       0x00000004   Zero   RW          591    .bss.key1_count     app.o
    0x20000218        -       0x00000004   Zero   RW          592    .bss.key2_count     app.o
    0x2000021c        -       0x00000001   Zero   RW          586    .bss.lightMode      app.o
    0x2000021d   COMPRESSED   0x00000003   PAD
    0x20000220        -       0x00000004   Zero   RW          206    .bss.lightModePeriodProcess.count_1ms  bsp_driver.o
    0x20000224        -       0x00000001   Zero   RW          212    .bss.lightModePeriodProcess.direction  bsp_driver.o
    0x20000225   COMPRESSED   0x00000003   PAD
    0x20000228        -       0x00000004   Zero   RW          210    .bss.lightModePeriodProcess.lightness  bsp_driver.o
    0x2000022c        -       0x00000004   Zero   RW          208    .bss.lightModePeriodProcess.subMode_last  bsp_driver.o
    0x20000230        -       0x00000004   Zero   RW          209    .bss.lightModePeriodProcess.temper  bsp_driver.o
    0x20000234        -       0x00000004   Zero   RW          211    .bss.lightModePeriodProcess.temper_last  bsp_driver.o
    0x20000238        -       0x00000008   Zero   RW          584    .bss.pt100ms        app.o
    0x20000240        -       0x00000004   Zero   RW          630    .bss.setSegmentOn.last_segment  segment_driver.o
    0x20000244        -       0x00000004   Zero   RW          213    .bss.sys_ms         bsp_driver.o
    0x20000248        -       0x00000004   Zero   RW          204    .bss.targetTemperature_last  bsp_driver.o
    0x2000024c   COMPRESSED   0x00000004   PAD
    0x20000250        -       0x00000400   Zero   RW           19    STACK               startup_xl32f003x6.o


==============================================================================

Image component sizes


      Code (inc. data)   RO Data    RW Data    ZI Data      Debug   Object Name

      1616        184          0         12         38       3913   app.o
      3476        244          0          8         31      13745   bsp_driver.o
       480         56          0          0          0       3422   main.o
      1008         48         10        244         46       3866   segment_driver.o
        28          8        192          0       1024        692   startup_xl32f003x6.o
       128         24          0        196          0       2300   system_xl32f0xx.o
        30          4          0          0          0        684   xl32f0xx_it.o
       422          0          0          0          0       3710   xl32f0xx_ll_gpio.o
      1384         40          0          0          0       9159   xl32f0xx_ll_tim.o
       164         16          0          0          0       2886   xl32f0xx_ll_utils.o

    ----------------------------------------------------------------------
      8744        624        234        460       1156      44377   Object Totals
         0          0         32          0          0          0   (incl. Generated)
         8          0          0          0         17          0   (incl. Padding)

    ----------------------------------------------------------------------

      Code (inc. data)   RO Data    RW Data    ZI Data      Debug   Library Member Name

        86          0          0          0          0          0   __dczerorl2.o
         0          0          0          0          0          0   entry.o
         0          0          0          0          0          0   entry10a.o
         0          0          0          0          0          0   entry11a.o
         8          4          0          0          0          0   entry2.o
         4          0          0          0          0          0   entry5.o
         0          0          0          0          0          0   entry7b.o
         0          0          0          0          0          0   entry8b.o
         8          4          0          0          0          0   entry9a.o
        30          0          0          0          0          0   handlers.o
        80          6          0          0          0         72   idiv_div0.o
        36          8          0          0          0         68   init.o
         0          0          0          0          0          0   iusefp.o
        62          0          0          0          0         72   uidiv_div0.o
       178          0          0          0          0        108   fadd.o
       124          0          0          0          0         72   fdiv.o
       130          0          0          0          0        144   fepilogue.o
        50          0          0          0          0         60   ffixi.o
        22          0          0          0          0         68   fflti.o
        14          0          0          0          0         68   ffltui.o
       122          0          0          0          0         72   fmul.o

    ----------------------------------------------------------------------
       958         22          0          0          0        804   Library Totals
         4          0          0          0          0          0   (incl. Padding)

    ----------------------------------------------------------------------

      Code (inc. data)   RO Data    RW Data    ZI Data      Debug   Library Name

       314         22          0          0          0        212   mc_p.l
       640          0          0          0          0        592   mf_p.l

    ----------------------------------------------------------------------
       958         22          0          0          0        804   Library Totals

    ----------------------------------------------------------------------

==============================================================================


      Code (inc. data)   RO Data    RW Data    ZI Data      Debug   

      9702        646        234        460       1156      44937   Grand Totals
      9702        646        234        152       1156      44937   ELF Image Totals (compressed)
      9702        646        234        152          0          0   ROM Totals

==============================================================================

    Total RO  Size (Code + RO Data)                 9936 (   9.70kB)
    Total RW  Size (RW Data + ZI Data)              1616 (   1.58kB)
    Total ROM Size (Code + RO Data + RW Data)      10088 (   9.85kB)

==============================================================================

