<html>
<body>
<pre>
<h1>µVision Build Log</h1>
<h2>Tool Versions:</h2>
IDE-Version: ¦ÌVision V5.38.0.0
Copyright (C) 2022 ARM Ltd and ARM Germany GmbH. All rights reserved.
License Information: 1 1393138033@qq.com, 1, LIC=QF82M-X49L5-124LE-5MMLC-F58I8-77TFM
 
Tool Versions:
Toolchain:       MDK-ARM Plus  Version: 5.38.0.0
Toolchain Path:  D:\software\keil\ARM\ARMCLANG\Bin
C Compiler:      ArmClang.exe V6.19
Assembler:       Armasm.exe V6.19
Linker/Locator:  ArmLink.exe V6.19
Library Manager: ArmAr.exe V6.19
Hex Converter:   FromElf.exe V6.19
CPU DLL:         SARMCM3.DLL V5.38.0.0
Dialog DLL:      DARMCM1.DLL V1.19.6.0
Target DLL:      STLink\ST-LINKIII-KEIL_SWO.dll V3.1.0.0
Dialog DLL:      TARMCM1.DLL V1.14.6.0
 
<h2>Project:</h2>
D:\workspace\Z9Module\project-light\MDK-ARM\Project.uvprojx
Project File Date:  08/02/2024

<h2>Output:</h2>
*** Using Compiler 'V6.19', folder: 'D:\software\keil\ARM\ARMCLANG\Bin'
Rebuild target 'Target'
compiling system_xl32f0xx.c...
compiling xl32f003xx_ll_Start_Kit.c...
compiling xl32f0xx_ll_utils.c...
compiling xl32f0xx_ll_exti.c...
assembling startup_xl32f003x6.s...
compiling xl32f0xx_ll_gpio.c...
compiling xl32f0xx_ll_usart.c...
compiling xl32f0xx_ll_rcc.c...
compiling xl32f0xx_ll_tim.c...
compiling xl32f0xx_it.c...
compiling main.c...
compiling bsp_driver.c...
compiling app.c...
compiling segment_driver.c...
linking...
Program Size: Code=9702 RO-data=234 RW-data=460 ZI-data=1156  
FromELF: creating hex file...
".\Objects\Target.axf" - 0 Error(s), 0 Warning(s).

<h2>Software Packages used:</h2>

Package Vendor: ARMM0
                http://www.keil.com/pack/ARMM0.ARM32F0xx_DFP.0.0.6.pack
                ARMM0.ARM32F0xx_DFP.0.0.6
                ARMM0 ARM32F0 Series Device Support

<h2>Collection of Component include folders:</h2>
  D:/software/keil/pack/ARMM0/ARM32F0xx_DFP/0.0.6/Device/Include

<h2>Collection of Component Files used:</h2>
Build Time Elapsed:  00:00:01
</pre>
</body>
</html>
